Apr 16 16:44:23 Arch kernel: Linux version 6.14.2-arch1-1 (linux@archlinux) (gcc (GCC) 14.2.1 20250207, GNU ld (GNU Binutils) 2.44) #1 SMP PREEMPT_DYNAMIC Thu, 10 Apr 2025 18:43:59 +0000
Apr 16 16:44:23 Arch kernel: Command line: BOOT_IMAGE=/vmlinuz-linux root=UUID=1430b06b-87d9-4593-b06f-cf96928999dc rw acpi_osi=! "apci_osi=Windows 2015" nvidia.NVreg_RegistryDwords=RmLogonRC=0x1 nvidia.NVreg_DynamicPowerManagement=0x00 pcie_aspm=off loglevel=3 nvidia_drm.modeset=1 nvidia_drm.fbdev=1 nvidia.NVreg_EnableGpuFirmware=0
Apr 16 16:44:23 Arch kernel: x86/split lock detection: #AC: crashing the kernel on kernel split_locks and warning on user-space split_locks
Apr 16 16:44:23 Arch kernel: BIOS-provided physical RAM map:
Apr 16 16:44:23 Arch kernel: BIOS-e820: [mem 0x0000000000000000-0x000000000009efff] usable
Apr 16 16:44:23 Arch kernel: BIOS-e820: [mem 0x000000000009f000-0x00000000000fffff] reserved
Apr 16 16:44:23 Arch kernel: BIOS-e820: [mem 0x0000000000100000-0x0000000072228fff] usable
Apr 16 16:44:23 Arch kernel: BIOS-e820: [mem 0x0000000072229000-0x0000000072b28fff] reserved
Apr 16 16:44:23 Arch kernel: BIOS-e820: [mem 0x0000000072b29000-0x000000007493efff] usable
Apr 16 16:44:23 Arch kernel: BIOS-e820: [mem 0x000000007493f000-0x00000000769defff] reserved
Apr 16 16:44:23 Arch kernel: BIOS-e820: [mem 0x00000000769df000-0x000000007998efff] ACPI NVS
Apr 16 16:44:23 Arch kernel: BIOS-e820: [mem 0x000000007998f000-0x0000000079afefff] ACPI data
Apr 16 16:44:23 Arch kernel: BIOS-e820: [mem 0x0000000079aff000-0x0000000079afffff] usable
Apr 16 16:44:23 Arch kernel: BIOS-e820: [mem 0x0000000079b00000-0x000000007dffffff] reserved
Apr 16 16:44:23 Arch kernel: BIOS-e820: [mem 0x000000007ec00000-0x000000007fffffff] reserved
Apr 16 16:44:23 Arch kernel: BIOS-e820: [mem 0x00000000c0000000-0x00000000cfffffff] reserved
Apr 16 16:44:23 Arch kernel: BIOS-e820: [mem 0x00000000fe010000-0x00000000fe010fff] reserved
Apr 16 16:44:23 Arch kernel: BIOS-e820: [mem 0x00000000fed20000-0x00000000fed7ffff] reserved
Apr 16 16:44:23 Arch kernel: BIOS-e820: [mem 0x00000000ff000000-0x00000000ffffffff] reserved
Apr 16 16:44:23 Arch kernel: BIOS-e820: [mem 0x0000000100000000-0x000000087fffffff] usable
Apr 16 16:44:23 Arch kernel: The simpledrm driver will not be probed
Apr 16 16:44:23 Arch kernel: NX (Execute Disable) protection: active
Apr 16 16:44:23 Arch kernel: APIC: Static calls initialized
Apr 16 16:44:23 Arch kernel: e820: update [mem 0x63ef5018-0x63f19a57] usable ==> usable
Apr 16 16:44:23 Arch kernel: extended physical RAM map:
Apr 16 16:44:23 Arch kernel: reserve setup_data: [mem 0x0000000000000000-0x000000000009efff] usable
Apr 16 16:44:23 Arch kernel: reserve setup_data: [mem 0x000000000009f000-0x00000000000fffff] reserved
Apr 16 16:44:23 Arch kernel: reserve setup_data: [mem 0x0000000000100000-0x0000000063ef5017] usable
Apr 16 16:44:23 Arch kernel: reserve setup_data: [mem 0x0000000063ef5018-0x0000000063f19a57] usable
Apr 16 16:44:23 Arch kernel: reserve setup_data: [mem 0x0000000063f19a58-0x0000000072228fff] usable
Apr 16 16:44:23 Arch kernel: reserve setup_data: [mem 0x0000000072229000-0x0000000072b28fff] reserved
Apr 16 16:44:23 Arch kernel: reserve setup_data: [mem 0x0000000072b29000-0x000000007493efff] usable
Apr 16 16:44:23 Arch kernel: reserve setup_data: [mem 0x000000007493f000-0x00000000769defff] reserved
Apr 16 16:44:23 Arch kernel: reserve setup_data: [mem 0x00000000769df000-0x000000007998efff] ACPI NVS
Apr 16 16:44:23 Arch kernel: reserve setup_data: [mem 0x000000007998f000-0x0000000079afefff] ACPI data
Apr 16 16:44:23 Arch kernel: reserve setup_data: [mem 0x0000000079aff000-0x0000000079afffff] usable
Apr 16 16:44:23 Arch kernel: reserve setup_data: [mem 0x0000000079b00000-0x000000007dffffff] reserved
Apr 16 16:44:23 Arch kernel: reserve setup_data: [mem 0x000000007ec00000-0x000000007fffffff] reserved
Apr 16 16:44:23 Arch kernel: reserve setup_data: [mem 0x00000000c0000000-0x00000000cfffffff] reserved
Apr 16 16:44:23 Arch kernel: reserve setup_data: [mem 0x00000000fe010000-0x00000000fe010fff] reserved
Apr 16 16:44:23 Arch kernel: reserve setup_data: [mem 0x00000000fed20000-0x00000000fed7ffff] reserved
Apr 16 16:44:23 Arch kernel: reserve setup_data: [mem 0x00000000ff000000-0x00000000ffffffff] reserved
Apr 16 16:44:23 Arch kernel: reserve setup_data: [mem 0x0000000100000000-0x000000087fffffff] usable
Apr 16 16:44:23 Arch kernel: efi: EFI v2.8 by INSYDE Corp.
Apr 16 16:44:23 Arch kernel: efi: ACPI=0x79afe000 ACPI 2.0=0x79afe014 TPMFinalLog=0x79866000 SMBIOS=0x74fb8000 MEMATTR=0x6db5f018 ESRT=0x6d349398 INITRD=0x6d346098 RNG=0x79a28018 TPMEventLog=0x79a20018 
Apr 16 16:44:23 Arch kernel: random: crng init done
Apr 16 16:44:23 Arch kernel: efi: Remove mem84: MMIO range=[0xc0000000-0xcfffffff] (256MB) from e820 map
Apr 16 16:44:23 Arch kernel: e820: remove [mem 0xc0000000-0xcfffffff] reserved
Apr 16 16:44:23 Arch kernel: efi: Not removing mem85: MMIO range=[0xfe010000-0xfe010fff] (4KB) from e820 map
Apr 16 16:44:23 Arch kernel: efi: Remove mem87: MMIO range=[0xff000000-0xffffffff] (16MB) from e820 map
Apr 16 16:44:23 Arch kernel: e820: remove [mem 0xff000000-0xffffffff] reserved
Apr 16 16:44:23 Arch kernel: SMBIOS 3.4 present.
Apr 16 16:44:23 Arch kernel: DMI: LENOVO 82WK/LNVNB161216, BIOS KWCN46WW 07/04/2024
Apr 16 16:44:23 Arch kernel: DMI: Memory slots populated: 2/2
Apr 16 16:44:23 Arch kernel: tsc: Detected 2400.000 MHz processor
Apr 16 16:44:23 Arch kernel: tsc: Detected 2419.200 MHz TSC
Apr 16 16:44:23 Arch kernel: [Firmware Bug]: TSC ADJUST: CPU0: -4649280624 force to 0
Apr 16 16:44:23 Arch kernel: e820: update [mem 0x00000000-0x00000fff] usable ==> reserved
Apr 16 16:44:23 Arch kernel: e820: remove [mem 0x000a0000-0x000fffff] usable
Apr 16 16:44:23 Arch kernel: last_pfn = 0x880000 max_arch_pfn = 0x400000000
Apr 16 16:44:23 Arch kernel: MTRR map: 5 entries (3 fixed + 2 variable; max 23), built from 10 variable MTRRs
Apr 16 16:44:23 Arch kernel: x86/PAT: Configuration [0-7]: WB  WC  UC- UC  WB  WP  UC- WT  
Apr 16 16:44:23 Arch kernel: last_pfn = 0x79b00 max_arch_pfn = 0x400000000
Apr 16 16:44:23 Arch kernel: esrt: Reserving ESRT space from 0x000000006d349398 to 0x000000006d349420.
Apr 16 16:44:23 Arch kernel: e820: update [mem 0x6d349000-0x6d349fff] usable ==> reserved
Apr 16 16:44:23 Arch kernel: Using GB pages for direct mapping
Apr 16 16:44:23 Arch kernel: Secure boot disabled
Apr 16 16:44:23 Arch kernel: RAMDISK: [mem 0x63f1a000-0x69972fff]
Apr 16 16:44:23 Arch kernel: ACPI: Early table checksum verification disabled
Apr 16 16:44:23 Arch kernel: ACPI: RSDP 0x0000000079AFE014 000024 (v02 LENOVO)
Apr 16 16:44:23 Arch kernel: ACPI: XSDT 0x0000000079AD1188 000124 (v01 LENOVO CB-01    00000001      01000013)
Apr 16 16:44:23 Arch kernel: ACPI: FACP 0x0000000079AD3000 000114 (v06 LENOVO CB-01    00000001 ACPI 00040000)
Apr 16 16:44:23 Arch kernel: ACPI: DSDT 0x0000000079A40000 08F372 (v02 LENOVO CB-01    00000001 ACPI 00040000)
Apr 16 16:44:23 Arch kernel: ACPI: FACS 0x0000000079842000 000040
Apr 16 16:44:23 Arch kernel: ACPI: UEFI 0x000000007998E000 000236 (v01 INSYDE ADL      00000001 ACPI 00040000)
Apr 16 16:44:23 Arch kernel: ACPI: SSDT 0x0000000079AF1000 00BB3C (v02 LENOVO CB-01    00000001 INTL 20200717)
Apr 16 16:44:23 Arch kernel: ACPI: SSDT 0x0000000079AF0000 00038C (v02 LENOVO CB-01    00000001 INTL 20200717)
Apr 16 16:44:23 Arch kernel: ACPI: SSDT 0x0000000079AEA000 005D34 (v02 LENOVO CB-01    00000001 INTL 20200717)
Apr 16 16:44:23 Arch kernel: ACPI: SSDT 0x0000000079AE7000 002AD8 (v02 LENOVO CB-01    00000001 INTL 20200717)
Apr 16 16:44:23 Arch kernel: ACPI: SSDT 0x0000000079AE3000 00334F (v02 LENOVO CB-01    00000001 INTL 20200717)
Apr 16 16:44:23 Arch kernel: ACPI: SSDT 0x0000000079AE2000 00077B (v02 LENOVO CB-01    00000001 INTL 20200717)
Apr 16 16:44:23 Arch kernel: ACPI: TPM2 0x0000000079AE1000 00004C (v04 LENOVO CB-01    00000001 ACPI 00040000)
Apr 16 16:44:23 Arch kernel: ACPI: MSDM 0x0000000079AE0000 000055 (v03 LENOVO CB-01    00000001 ACPI 00040000)
Apr 16 16:44:23 Arch kernel: ACPI: SSDT 0x0000000079ADE000 001185 (v02 LENOVO CB-01    00000001 INTL 20200717)
Apr 16 16:44:23 Arch kernel: ACPI: LPIT 0x0000000079ADD000 0000CC (v01 LENOVO CB-01    00000001 ACPI 00040000)
Apr 16 16:44:23 Arch kernel: ACPI: WSMT 0x0000000079ADC000 000028 (v01 LENOVO CB-01    00000001 ACPI 00040000)
Apr 16 16:44:23 Arch kernel: ACPI: SSDT 0x0000000079ADB000 000AD9 (v02 LENOVO CB-01    00000001 INTL 20200717)
Apr 16 16:44:23 Arch kernel: ACPI: SSDT 0x0000000079AD8000 002016 (v02 LENOVO CB-01    00000001 INTL 20200717)
Apr 16 16:44:23 Arch kernel: ACPI: DBGP 0x0000000079AD7000 000034 (v01 LENOVO CB-01    00000001 ACPI 00040000)
Apr 16 16:44:23 Arch kernel: ACPI: DBG2 0x0000000079AD6000 000054 (v00 LENOVO CB-01    00000001 ACPI 00040000)
Apr 16 16:44:23 Arch kernel: ACPI: NHLT 0x0000000079AD5000 00002D (v00 LENOVO CB-01    00000001 ACPI 00040000)
Apr 16 16:44:23 Arch kernel: ACPI: SSDT 0x0000000079AD4000 00053F (v01 LENOVO CB-01    00000001 INTL 20200717)
Apr 16 16:44:23 Arch kernel: ACPI: HPET 0x0000000079AD2000 000038 (v01 LENOVO CB-01    00000001 ACPI 00040000)
Apr 16 16:44:23 Arch kernel: ACPI: APIC 0x0000000079AFD000 0001DC (v04 LENOVO CB-01    00000001 ACPI 00040000)
Apr 16 16:44:23 Arch kernel: ACPI: MCFG 0x0000000079AD0000 00003C (v01 LENOVO CB-01    00000001 ACPI 00040000)
Apr 16 16:44:23 Arch kernel: ACPI: SSDT 0x0000000079A3D000 0027BC (v02 LENOVO CB-01    00000001      01000013)
Apr 16 16:44:23 Arch kernel: ACPI: DMAR 0x0000000079A3C000 000050 (v02 LENOVO CB-01    00000001 ACPI 00040000)
Apr 16 16:44:23 Arch kernel: ACPI: SSDT 0x0000000079A37000 004285 (v01 LENOVO CB-01    00000001 INTL 20200717)
Apr 16 16:44:23 Arch kernel: ACPI: SSDT 0x0000000079A35000 001189 (v02 LENOVO CB-01    00000001 INTL 20200717)
Apr 16 16:44:23 Arch kernel: ACPI: SSDT 0x0000000079A31000 003AEA (v02 LENOVO CB-01    00000001 INTL 20200717)
Apr 16 16:44:23 Arch kernel: ACPI: SSDT 0x0000000079A2D000 0039DA (v02 LENOVO CB-01    00000001 INTL 20200717)
Apr 16 16:44:23 Arch kernel: ACPI: SSDT 0x0000000079A2C000 0000F8 (v01 LENOVO CB-01    00000001 INTL 20200717)
Apr 16 16:44:23 Arch kernel: ACPI: FPDT 0x0000000079A2B000 000044 (v01 LENOVO CB-01    00000001 ACPI 00040000)
Apr 16 16:44:23 Arch kernel: ACPI: PHAT 0x0000000079A29000 000AA7 (v01 LENOVO CB-01    00000001 ACPI 00040000)
Apr 16 16:44:23 Arch kernel: ACPI: BGRT 0x0000000079A2A000 000038 (v01 LENOVO CB-01    00000001 ACPI 00040000)
Apr 16 16:44:23 Arch kernel: ACPI: Reserving FACP table memory at [mem 0x79ad3000-0x79ad3113]
Apr 16 16:44:23 Arch kernel: ACPI: Reserving DSDT table memory at [mem 0x79a40000-0x79acf371]
Apr 16 16:44:23 Arch kernel: ACPI: Reserving FACS table memory at [mem 0x79842000-0x7984203f]
Apr 16 16:44:23 Arch kernel: ACPI: Reserving UEFI table memory at [mem 0x7998e000-0x7998e235]
Apr 16 16:44:23 Arch kernel: ACPI: Reserving SSDT table memory at [mem 0x79af1000-0x79afcb3b]
Apr 16 16:44:23 Arch kernel: ACPI: Reserving SSDT table memory at [mem 0x79af0000-0x79af038b]
Apr 16 16:44:23 Arch kernel: ACPI: Reserving SSDT table memory at [mem 0x79aea000-0x79aefd33]
Apr 16 16:44:23 Arch kernel: ACPI: Reserving SSDT table memory at [mem 0x79ae7000-0x79ae9ad7]
Apr 16 16:44:23 Arch kernel: ACPI: Reserving SSDT table memory at [mem 0x79ae3000-0x79ae634e]
Apr 16 16:44:23 Arch kernel: ACPI: Reserving SSDT table memory at [mem 0x79ae2000-0x79ae277a]
Apr 16 16:44:23 Arch kernel: ACPI: Reserving TPM2 table memory at [mem 0x79ae1000-0x79ae104b]
Apr 16 16:44:23 Arch kernel: ACPI: Reserving MSDM table memory at [mem 0x79ae0000-0x79ae0054]
Apr 16 16:44:23 Arch kernel: ACPI: Reserving SSDT table memory at [mem 0x79ade000-0x79adf184]
Apr 16 16:44:23 Arch kernel: ACPI: Reserving LPIT table memory at [mem 0x79add000-0x79add0cb]
Apr 16 16:44:23 Arch kernel: ACPI: Reserving WSMT table memory at [mem 0x79adc000-0x79adc027]
Apr 16 16:44:23 Arch kernel: ACPI: Reserving SSDT table memory at [mem 0x79adb000-0x79adbad8]
Apr 16 16:44:23 Arch kernel: ACPI: Reserving SSDT table memory at [mem 0x79ad8000-0x79ada015]
Apr 16 16:44:23 Arch kernel: ACPI: Reserving DBGP table memory at [mem 0x79ad7000-0x79ad7033]
Apr 16 16:44:23 Arch kernel: ACPI: Reserving DBG2 table memory at [mem 0x79ad6000-0x79ad6053]
Apr 16 16:44:23 Arch kernel: ACPI: Reserving NHLT table memory at [mem 0x79ad5000-0x79ad502c]
Apr 16 16:44:23 Arch kernel: ACPI: Reserving SSDT table memory at [mem 0x79ad4000-0x79ad453e]
Apr 16 16:44:23 Arch kernel: ACPI: Reserving HPET table memory at [mem 0x79ad2000-0x79ad2037]
Apr 16 16:44:23 Arch kernel: ACPI: Reserving APIC table memory at [mem 0x79afd000-0x79afd1db]
Apr 16 16:44:23 Arch kernel: ACPI: Reserving MCFG table memory at [mem 0x79ad0000-0x79ad003b]
Apr 16 16:44:23 Arch kernel: ACPI: Reserving SSDT table memory at [mem 0x79a3d000-0x79a3f7bb]
Apr 16 16:44:23 Arch kernel: ACPI: Reserving DMAR table memory at [mem 0x79a3c000-0x79a3c04f]
Apr 16 16:44:23 Arch kernel: ACPI: Reserving SSDT table memory at [mem 0x79a37000-0x79a3b284]
Apr 16 16:44:23 Arch kernel: ACPI: Reserving SSDT table memory at [mem 0x79a35000-0x79a36188]
Apr 16 16:44:23 Arch kernel: ACPI: Reserving SSDT table memory at [mem 0x79a31000-0x79a34ae9]
Apr 16 16:44:23 Arch kernel: ACPI: Reserving SSDT table memory at [mem 0x79a2d000-0x79a309d9]
Apr 16 16:44:23 Arch kernel: ACPI: Reserving SSDT table memory at [mem 0x79a2c000-0x79a2c0f7]
Apr 16 16:44:23 Arch kernel: ACPI: Reserving FPDT table memory at [mem 0x79a2b000-0x79a2b043]
Apr 16 16:44:23 Arch kernel: ACPI: Reserving PHAT table memory at [mem 0x79a29000-0x79a29aa6]
Apr 16 16:44:23 Arch kernel: ACPI: Reserving BGRT table memory at [mem 0x79a2a000-0x79a2a037]
Apr 16 16:44:23 Arch kernel: No NUMA configuration found
Apr 16 16:44:23 Arch kernel: Faking a node at [mem 0x0000000000000000-0x000000087fffffff]
Apr 16 16:44:23 Arch kernel: NODE_DATA(0) allocated [mem 0x87ffd32c0-0x87fffdfff]
Apr 16 16:44:23 Arch kernel: Zone ranges:
Apr 16 16:44:23 Arch kernel:   DMA      [mem 0x0000000000001000-0x0000000000ffffff]
Apr 16 16:44:23 Arch kernel:   DMA32    [mem 0x0000000001000000-0x00000000ffffffff]
Apr 16 16:44:23 Arch kernel:   Normal   [mem 0x0000000100000000-0x000000087fffffff]
Apr 16 16:44:23 Arch kernel:   Device   empty
Apr 16 16:44:23 Arch kernel: Movable zone start for each node
Apr 16 16:44:23 Arch kernel: Early memory node ranges
Apr 16 16:44:23 Arch kernel:   node   0: [mem 0x0000000000001000-0x000000000009efff]
Apr 16 16:44:23 Arch kernel:   node   0: [mem 0x0000000000100000-0x0000000072228fff]
Apr 16 16:44:23 Arch kernel:   node   0: [mem 0x0000000072b29000-0x000000007493efff]
Apr 16 16:44:23 Arch kernel:   node   0: [mem 0x0000000079aff000-0x0000000079afffff]
Apr 16 16:44:23 Arch kernel:   node   0: [mem 0x0000000100000000-0x000000087fffffff]
Apr 16 16:44:23 Arch kernel: Initmem setup node 0 [mem 0x0000000000001000-0x000000087fffffff]
Apr 16 16:44:23 Arch kernel: On node 0, zone DMA: 1 pages in unavailable ranges
Apr 16 16:44:23 Arch kernel: On node 0, zone DMA: 97 pages in unavailable ranges
Apr 16 16:44:23 Arch kernel: On node 0, zone DMA32: 2304 pages in unavailable ranges
Apr 16 16:44:23 Arch kernel: On node 0, zone DMA32: 20928 pages in unavailable ranges
Apr 16 16:44:23 Arch kernel: On node 0, zone Normal: 25856 pages in unavailable ranges
Apr 16 16:44:23 Arch kernel: ACPI: PM-Timer IO Port: 0x1808
Apr 16 16:44:23 Arch kernel: ACPI: LAPIC_NMI (acpi_id[0x01] high edge lint[0x1])
Apr 16 16:44:23 Arch kernel: ACPI: LAPIC_NMI (acpi_id[0x02] high edge lint[0x1])
Apr 16 16:44:23 Arch kernel: ACPI: LAPIC_NMI (acpi_id[0x03] high edge lint[0x1])
Apr 16 16:44:23 Arch kernel: ACPI: LAPIC_NMI (acpi_id[0x04] high edge lint[0x1])
Apr 16 16:44:23 Arch kernel: ACPI: LAPIC_NMI (acpi_id[0x05] high edge lint[0x1])
Apr 16 16:44:23 Arch kernel: ACPI: LAPIC_NMI (acpi_id[0x06] high edge lint[0x1])
Apr 16 16:44:23 Arch kernel: ACPI: LAPIC_NMI (acpi_id[0x07] high edge lint[0x1])
Apr 16 16:44:23 Arch kernel: ACPI: LAPIC_NMI (acpi_id[0x08] high edge lint[0x1])
Apr 16 16:44:23 Arch kernel: ACPI: LAPIC_NMI (acpi_id[0x09] high edge lint[0x1])
Apr 16 16:44:23 Arch kernel: ACPI: LAPIC_NMI (acpi_id[0x0a] high edge lint[0x1])
Apr 16 16:44:23 Arch kernel: ACPI: LAPIC_NMI (acpi_id[0x0b] high edge lint[0x1])
Apr 16 16:44:23 Arch kernel: ACPI: LAPIC_NMI (acpi_id[0x0c] high edge lint[0x1])
Apr 16 16:44:23 Arch kernel: ACPI: LAPIC_NMI (acpi_id[0x0d] high edge lint[0x1])
Apr 16 16:44:23 Arch kernel: ACPI: LAPIC_NMI (acpi_id[0x0e] high edge lint[0x1])
Apr 16 16:44:23 Arch kernel: ACPI: LAPIC_NMI (acpi_id[0x0f] high edge lint[0x1])
Apr 16 16:44:23 Arch kernel: ACPI: LAPIC_NMI (acpi_id[0x10] high edge lint[0x1])
Apr 16 16:44:23 Arch kernel: ACPI: LAPIC_NMI (acpi_id[0x11] high edge lint[0x1])
Apr 16 16:44:23 Arch kernel: ACPI: LAPIC_NMI (acpi_id[0x12] high edge lint[0x1])
Apr 16 16:44:23 Arch kernel: ACPI: LAPIC_NMI (acpi_id[0x13] high edge lint[0x1])
Apr 16 16:44:23 Arch kernel: ACPI: LAPIC_NMI (acpi_id[0x14] high edge lint[0x1])
Apr 16 16:44:23 Arch kernel: ACPI: LAPIC_NMI (acpi_id[0x15] high edge lint[0x1])
Apr 16 16:44:23 Arch kernel: ACPI: LAPIC_NMI (acpi_id[0x16] high edge lint[0x1])
Apr 16 16:44:23 Arch kernel: ACPI: LAPIC_NMI (acpi_id[0x17] high edge lint[0x1])
Apr 16 16:44:23 Arch kernel: ACPI: LAPIC_NMI (acpi_id[0x00] high edge lint[0x1])
Apr 16 16:44:23 Arch kernel: IOAPIC[0]: apic_id 2, version 32, address 0xfec00000, GSI 0-119
Apr 16 16:44:23 Arch kernel: ACPI: INT_SRC_OVR (bus 0 bus_irq 0 global_irq 2 dfl dfl)
Apr 16 16:44:23 Arch kernel: ACPI: INT_SRC_OVR (bus 0 bus_irq 9 global_irq 9 high level)
Apr 16 16:44:23 Arch kernel: ACPI: Using ACPI (MADT) for SMP configuration information
Apr 16 16:44:23 Arch kernel: ACPI: HPET id: 0x8086a201 base: 0xfed00000
Apr 16 16:44:23 Arch kernel: e820: update [mem 0x6d1f1000-0x6d33bfff] usable ==> reserved
Apr 16 16:44:23 Arch kernel: TSC deadline timer available
Apr 16 16:44:23 Arch kernel: CPU topo: Max. logical packages:   1
Apr 16 16:44:23 Arch kernel: CPU topo: Max. logical dies:       1
Apr 16 16:44:23 Arch kernel: CPU topo: Max. dies per package:   1
Apr 16 16:44:23 Arch kernel: CPU topo: Max. threads per core:   2
Apr 16 16:44:23 Arch kernel: CPU topo: Num. cores per package:    24
Apr 16 16:44:23 Arch kernel: CPU topo: Num. threads per package:  32
Apr 16 16:44:23 Arch kernel: CPU topo: Allowing 32 present CPUs plus 0 hotplug CPUs
Apr 16 16:44:23 Arch kernel: PM: hibernation: Registered nosave memory: [mem 0x00000000-0x00000fff]
Apr 16 16:44:23 Arch kernel: PM: hibernation: Registered nosave memory: [mem 0x0009f000-0x000fffff]
Apr 16 16:44:23 Arch kernel: PM: hibernation: Registered nosave memory: [mem 0x63ef5000-0x63ef5fff]
Apr 16 16:44:23 Arch kernel: PM: hibernation: Registered nosave memory: [mem 0x63f19000-0x63f19fff]
Apr 16 16:44:23 Arch kernel: PM: hibernation: Registered nosave memory: [mem 0x6d1f1000-0x6d33bfff]
Apr 16 16:44:23 Arch kernel: PM: hibernation: Registered nosave memory: [mem 0x6d349000-0x6d349fff]
Apr 16 16:44:23 Arch kernel: PM: hibernation: Registered nosave memory: [mem 0x72229000-0x72b28fff]
Apr 16 16:44:23 Arch kernel: PM: hibernation: Registered nosave memory: [mem 0x7493f000-0x769defff]
Apr 16 16:44:23 Arch kernel: PM: hibernation: Registered nosave memory: [mem 0x769df000-0x7998efff]
Apr 16 16:44:23 Arch kernel: PM: hibernation: Registered nosave memory: [mem 0x7998f000-0x79afefff]
Apr 16 16:44:23 Arch kernel: PM: hibernation: Registered nosave memory: [mem 0x79b00000-0x7dffffff]
Apr 16 16:44:23 Arch kernel: PM: hibernation: Registered nosave memory: [mem 0x7e000000-0x7ebfffff]
Apr 16 16:44:23 Arch kernel: PM: hibernation: Registered nosave memory: [mem 0x7ec00000-0x7fffffff]
Apr 16 16:44:23 Arch kernel: PM: hibernation: Registered nosave memory: [mem 0x80000000-0xfe00ffff]
Apr 16 16:44:23 Arch kernel: PM: hibernation: Registered nosave memory: [mem 0xfe010000-0xfe010fff]
Apr 16 16:44:23 Arch kernel: PM: hibernation: Registered nosave memory: [mem 0xfe011000-0xfed1ffff]
Apr 16 16:44:23 Arch kernel: PM: hibernation: Registered nosave memory: [mem 0xfed20000-0xfed7ffff]
Apr 16 16:44:23 Arch kernel: PM: hibernation: Registered nosave memory: [mem 0xfed80000-0xffffffff]
Apr 16 16:44:23 Arch kernel: [mem 0x80000000-0xfe00ffff] available for PCI devices
Apr 16 16:44:23 Arch kernel: Booting paravirtualized kernel on bare hardware
Apr 16 16:44:23 Arch kernel: clocksource: refined-jiffies: mask: 0xffffffff max_cycles: 0xffffffff, max_idle_ns: 1910969940391419 ns
Apr 16 16:44:23 Arch kernel: setup_percpu: NR_CPUS:8192 nr_cpumask_bits:32 nr_cpu_ids:32 nr_node_ids:1
Apr 16 16:44:23 Arch kernel: percpu: Embedded 67 pages/cpu s237568 r8192 d28672 u524288
Apr 16 16:44:23 Arch kernel: pcpu-alloc: s237568 r8192 d28672 u524288 alloc=1*2097152
Apr 16 16:44:23 Arch kernel: pcpu-alloc: [0] 00 01 02 03 [0] 04 05 06 07 
Apr 16 16:44:23 Arch kernel: pcpu-alloc: [0] 08 09 10 11 [0] 12 13 14 15 
Apr 16 16:44:23 Arch kernel: pcpu-alloc: [0] 16 17 18 19 [0] 20 21 22 23 
Apr 16 16:44:23 Arch kernel: pcpu-alloc: [0] 24 25 26 27 [0] 28 29 30 31 
Apr 16 16:44:23 Arch kernel: Kernel command line: BOOT_IMAGE=/vmlinuz-linux root=UUID=1430b06b-87d9-4593-b06f-cf96928999dc rw acpi_osi=! "apci_osi=Windows 2015" nvidia.NVreg_RegistryDwords=RmLogonRC=0x1 nvidia.NVreg_DynamicPowerManagement=0x00 pcie_aspm=off loglevel=3 nvidia_drm.modeset=1 nvidia_drm.fbdev=1 nvidia.NVreg_EnableGpuFirmware=0
Apr 16 16:44:23 Arch kernel: PCIe ASPM is disabled
Apr 16 16:44:23 Arch kernel: Unknown kernel command line parameters "BOOT_IMAGE=/vmlinuz-linux apci_osi=Windows 2015", will be passed to user space.
Apr 16 16:44:23 Arch kernel: printk: log_buf_len individual max cpu contribution: 4096 bytes
Apr 16 16:44:23 Arch kernel: printk: log_buf_len total cpu_extra contributions: 126976 bytes
Apr 16 16:44:23 Arch kernel: printk: log_buf_len min size: 131072 bytes
Apr 16 16:44:23 Arch kernel: printk: log buffer data + meta data: 262144 + 917504 = 1179648 bytes
Apr 16 16:44:23 Arch kernel: printk: early log buf free: 113688(86%)
Apr 16 16:44:23 Arch kernel: Dentry cache hash table entries: 4194304 (order: 13, 33554432 bytes, linear)
Apr 16 16:44:23 Arch kernel: Inode-cache hash table entries: 2097152 (order: 12, 16777216 bytes, linear)
Apr 16 16:44:23 Arch kernel: Fallback order for Node 0: 0 
Apr 16 16:44:23 Arch kernel: Built 1 zonelists, mobility grouping on.  Total pages: 8339422
Apr 16 16:44:23 Arch kernel: Policy zone: Normal
Apr 16 16:44:23 Arch kernel: mem auto-init: stack:all(zero), heap alloc:on, heap free:off
Apr 16 16:44:23 Arch kernel: software IO TLB: area num 32.
Apr 16 16:44:23 Arch kernel: SLUB: HWalign=64, Order=0-3, MinObjects=0, CPUs=32, Nodes=1
Apr 16 16:44:23 Arch kernel: ftrace: allocating 55513 entries in 217 pages
Apr 16 16:44:23 Arch kernel: ftrace: allocated 217 pages with 5 groups
Apr 16 16:44:23 Arch kernel: Dynamic Preempt: full
Apr 16 16:44:23 Arch kernel: rcu: Preemptible hierarchical RCU implementation.
Apr 16 16:44:23 Arch kernel: rcu:         RCU restricting CPUs from NR_CPUS=8192 to nr_cpu_ids=32.
Apr 16 16:44:23 Arch kernel: rcu:         RCU priority boosting: priority 1 delay 500 ms.
Apr 16 16:44:23 Arch kernel:         Trampoline variant of Tasks RCU enabled.
Apr 16 16:44:23 Arch kernel:         Rude variant of Tasks RCU enabled.
Apr 16 16:44:23 Arch kernel:         Tracing variant of Tasks RCU enabled.
Apr 16 16:44:23 Arch kernel: rcu: RCU calculated value of scheduler-enlistment delay is 100 jiffies.
Apr 16 16:44:23 Arch kernel: rcu: Adjusting geometry for rcu_fanout_leaf=16, nr_cpu_ids=32
Apr 16 16:44:23 Arch kernel: RCU Tasks: Setting shift to 5 and lim to 1 rcu_task_cb_adjust=1 rcu_task_cpu_ids=32.
Apr 16 16:44:23 Arch kernel: RCU Tasks Rude: Setting shift to 5 and lim to 1 rcu_task_cb_adjust=1 rcu_task_cpu_ids=32.
Apr 16 16:44:23 Arch kernel: RCU Tasks Trace: Setting shift to 5 and lim to 1 rcu_task_cb_adjust=1 rcu_task_cpu_ids=32.
Apr 16 16:44:23 Arch kernel: NR_IRQS: 524544, nr_irqs: 2312, preallocated irqs: 16
Apr 16 16:44:23 Arch kernel: rcu: srcu_init: Setting srcu_struct sizes based on contention.
Apr 16 16:44:23 Arch kernel: kfence: initialized - using 2097152 bytes for 255 objects at 0x(____ptrval____)-0x(____ptrval____)
Apr 16 16:44:23 Arch kernel: Console: colour dummy device 80x25
Apr 16 16:44:23 Arch kernel: printk: legacy console [tty0] enabled
Apr 16 16:44:23 Arch kernel: ACPI: Core revision 20240827
Apr 16 16:44:23 Arch kernel: hpet: HPET dysfunctional in PC10. Force disabled.
Apr 16 16:44:23 Arch kernel: APIC: Switch to symmetric I/O mode setup
Apr 16 16:44:23 Arch kernel: DMAR: Host address width 39
Apr 16 16:44:23 Arch kernel: DMAR: DRHD base: 0x000000fed91000 flags: 0x1
Apr 16 16:44:23 Arch kernel: DMAR: dmar0: reg_base_addr fed91000 ver 5:0 cap d2008c40660462 ecap f050da
Apr 16 16:44:23 Arch kernel: DMAR-IR: IOAPIC id 2 under DRHD base  0xfed91000 IOMMU 0
Apr 16 16:44:23 Arch kernel: DMAR-IR: HPET id 0 under DRHD base 0xfed91000
Apr 16 16:44:23 Arch kernel: DMAR-IR: Queued invalidation will be enabled to support x2apic and Intr-remapping.
Apr 16 16:44:23 Arch kernel: DMAR-IR: Enabled IRQ remapping in x2apic mode
Apr 16 16:44:23 Arch kernel: x2apic enabled
Apr 16 16:44:23 Arch kernel: APIC: Switched APIC routing to: cluster x2apic
Apr 16 16:44:23 Arch kernel: clocksource: tsc-early: mask: 0xffffffffffffffff max_cycles: 0x22df1149949, max_idle_ns: 440795312789 ns
Apr 16 16:44:23 Arch kernel: Calibrating delay loop (skipped), value calculated using timer frequency.. 4838.40 BogoMIPS (lpj=2419200)
Apr 16 16:44:23 Arch kernel: CPU0: Thermal monitoring enabled (TM1)
Apr 16 16:44:23 Arch kernel: x86/cpu: User Mode Instruction Prevention (UMIP) activated
Apr 16 16:44:23 Arch kernel: CET detected: Indirect Branch Tracking enabled
Apr 16 16:44:23 Arch kernel: Last level iTLB entries: 4KB 0, 2MB 0, 4MB 0
Apr 16 16:44:23 Arch kernel: Last level dTLB entries: 4KB 0, 2MB 0, 4MB 0, 1GB 0
Apr 16 16:44:23 Arch kernel: process: using mwait in idle threads
Apr 16 16:44:23 Arch kernel: Spectre V1 : Mitigation: usercopy/swapgs barriers and __user pointer sanitization
Apr 16 16:44:23 Arch kernel: Spectre V2 : Mitigation: Enhanced / Automatic IBRS
Apr 16 16:44:23 Arch kernel: Spectre V2 : Spectre v2 / SpectreRSB mitigation: Filling RSB on context switch
Apr 16 16:44:23 Arch kernel: Spectre V2 : Spectre v2 / PBRSB-eIBRS: Retire a single CALL on VMEXIT
Apr 16 16:44:23 Arch kernel: Spectre V2 : mitigation: Enabling conditional Indirect Branch Prediction Barrier
Apr 16 16:44:23 Arch kernel: Speculative Store Bypass: Mitigation: Speculative Store Bypass disabled via prctl
Apr 16 16:44:23 Arch kernel: Register File Data Sampling: Mitigation: Clear Register File
Apr 16 16:44:23 Arch kernel: x86/fpu: Supporting XSAVE feature 0x001: 'x87 floating point registers'
Apr 16 16:44:23 Arch kernel: x86/fpu: Supporting XSAVE feature 0x002: 'SSE registers'
Apr 16 16:44:23 Arch kernel: x86/fpu: Supporting XSAVE feature 0x004: 'AVX registers'
Apr 16 16:44:23 Arch kernel: x86/fpu: Supporting XSAVE feature 0x200: 'Protection Keys User registers'
Apr 16 16:44:23 Arch kernel: x86/fpu: Supporting XSAVE feature 0x800: 'Control-flow User registers'
Apr 16 16:44:23 Arch kernel: x86/fpu: xstate_offset[2]:  576, xstate_sizes[2]:  256
Apr 16 16:44:23 Arch kernel: x86/fpu: xstate_offset[9]:  832, xstate_sizes[9]:    8
Apr 16 16:44:23 Arch kernel: x86/fpu: xstate_offset[11]:  840, xstate_sizes[11]:   16
Apr 16 16:44:23 Arch kernel: x86/fpu: Enabled xstate features 0xa07, context size is 856 bytes, using 'compacted' format.
Apr 16 16:44:23 Arch kernel: Freeing SMP alternatives memory: 48K
Apr 16 16:44:23 Arch kernel: pid_max: default: 32768 minimum: 301
Apr 16 16:44:23 Arch kernel: LSM: initializing lsm=capability,landlock,lockdown,yama,bpf
Apr 16 16:44:23 Arch kernel: landlock: Up and running.
Apr 16 16:44:23 Arch kernel: Yama: becoming mindful.
Apr 16 16:44:23 Arch kernel: LSM support for eBPF active
Apr 16 16:44:23 Arch kernel: Mount-cache hash table entries: 65536 (order: 7, 524288 bytes, linear)
Apr 16 16:44:23 Arch kernel: Mountpoint-cache hash table entries: 65536 (order: 7, 524288 bytes, linear)
Apr 16 16:44:23 Arch kernel: smpboot: CPU0: 13th Gen Intel(R) Core(TM) i9-13900HX (family: 0x6, model: 0xb7, stepping: 0x1)
Apr 16 16:44:23 Arch kernel: Performance Events: XSAVE Architectural LBR, PEBS fmt4+-baseline,  AnyThread deprecated, Alderlake Hybrid events, 32-deep LBR, full-width counters, Intel PMU driver.
Apr 16 16:44:23 Arch kernel: core: cpu_core PMU driver: 
Apr 16 16:44:23 Arch kernel: ... version:                5
Apr 16 16:44:23 Arch kernel: ... bit width:              48
Apr 16 16:44:23 Arch kernel: ... generic registers:      8
Apr 16 16:44:23 Arch kernel: ... value mask:             0000ffffffffffff
Apr 16 16:44:23 Arch kernel: ... max period:             00007fffffffffff
Apr 16 16:44:23 Arch kernel: ... fixed-purpose events:   4
Apr 16 16:44:23 Arch kernel: ... event mask:             0001000f000000ff
Apr 16 16:44:23 Arch kernel: signal: max sigframe size: 3632
Apr 16 16:44:23 Arch kernel: Estimated ratio of average max frequency by base frequency (times 1024): 2218
Apr 16 16:44:23 Arch kernel: rcu: Hierarchical SRCU implementation.
Apr 16 16:44:23 Arch kernel: rcu:         Max phase no-delay instances is 400.
Apr 16 16:44:23 Arch kernel: Timer migration: 2 hierarchy levels; 8 children per group; 2 crossnode level
Apr 16 16:44:23 Arch kernel: NMI watchdog: Enabled. Permanently consumes one hw-PMU counter.
Apr 16 16:44:23 Arch kernel: smp: Bringing up secondary CPUs ...
Apr 16 16:44:23 Arch kernel: smpboot: x86: Booting SMP configuration:
Apr 16 16:44:23 Arch kernel: .... node  #0, CPUs:        #2  #4  #6  #8 #10 #12 #14 #16 #17 #18 #19 #20 #21 #22 #23 #24 #25 #26 #27 #28 #29 #30 #31
Apr 16 16:44:23 Arch kernel: [Firmware Bug]: TSC ADJUST differs within socket(s), fixing all errors
Apr 16 16:44:23 Arch kernel: core: cpu_atom PMU driver: 
Apr 16 16:44:23 Arch kernel: ... version:                5
Apr 16 16:44:23 Arch kernel: ... bit width:              48
Apr 16 16:44:23 Arch kernel: ... generic registers:      6
Apr 16 16:44:23 Arch kernel: ... value mask:             0000ffffffffffff
Apr 16 16:44:23 Arch kernel: ... max period:             00007fffffffffff
Apr 16 16:44:23 Arch kernel: ... fixed-purpose events:   3
Apr 16 16:44:23 Arch kernel: ... event mask:             000000070000003f
Apr 16 16:44:23 Arch kernel:   #1  #3  #5  #7  #9 #11 #13 #15
Apr 16 16:44:23 Arch kernel: smp: Brought up 1 node, 32 CPUs
Apr 16 16:44:23 Arch kernel: smpboot: Total of 32 processors activated (154828.80 BogoMIPS)
Apr 16 16:44:23 Arch kernel: Memory: 32510368K/33357688K available (19197K kernel code, 2903K rwdata, 16268K rodata, 4528K init, 4964K bss, 802284K reserved, 0K cma-reserved)
Apr 16 16:44:23 Arch kernel: devtmpfs: initialized
Apr 16 16:44:23 Arch kernel: x86/mm: Memory block size: 128MB
Apr 16 16:44:23 Arch kernel: ACPI: PM: Registering ACPI NVS region [mem 0x769df000-0x7998efff] (50003968 bytes)
Apr 16 16:44:23 Arch kernel: clocksource: jiffies: mask: 0xffffffff max_cycles: 0xffffffff, max_idle_ns: 1911260446275000 ns
Apr 16 16:44:23 Arch kernel: futex hash table entries: 8192 (order: 7, 524288 bytes, linear)
Apr 16 16:44:23 Arch kernel: pinctrl core: initialized pinctrl subsystem
Apr 16 16:44:23 Arch kernel: PM: RTC time: 14:44:18, date: 2025-04-16
Apr 16 16:44:23 Arch kernel: NET: Registered PF_NETLINK/PF_ROUTE protocol family
Apr 16 16:44:23 Arch kernel: DMA: preallocated 4096 KiB GFP_KERNEL pool for atomic allocations
Apr 16 16:44:23 Arch kernel: DMA: preallocated 4096 KiB GFP_KERNEL|GFP_DMA pool for atomic allocations
Apr 16 16:44:23 Arch kernel: DMA: preallocated 4096 KiB GFP_KERNEL|GFP_DMA32 pool for atomic allocations
Apr 16 16:44:23 Arch kernel: audit: initializing netlink subsys (disabled)
Apr 16 16:44:23 Arch kernel: audit: type=2000 audit(1744814658.023:1): state=initialized audit_enabled=0 res=1
Apr 16 16:44:23 Arch kernel: thermal_sys: Registered thermal governor 'fair_share'
Apr 16 16:44:23 Arch kernel: thermal_sys: Registered thermal governor 'bang_bang'
Apr 16 16:44:23 Arch kernel: thermal_sys: Registered thermal governor 'step_wise'
Apr 16 16:44:23 Arch kernel: thermal_sys: Registered thermal governor 'user_space'
Apr 16 16:44:23 Arch kernel: thermal_sys: Registered thermal governor 'power_allocator'
Apr 16 16:44:23 Arch kernel: cpuidle: using governor ladder
Apr 16 16:44:23 Arch kernel: cpuidle: using governor menu
Apr 16 16:44:23 Arch kernel: ACPI FADT declares the system doesn't support PCIe ASPM, so disable it
Apr 16 16:44:23 Arch kernel: acpiphp: ACPI Hot Plug PCI Controller Driver version: 0.5
Apr 16 16:44:23 Arch kernel: PCI: ECAM [mem 0xc0000000-0xcfffffff] (base 0xc0000000) for domain 0000 [bus 00-ff]
Apr 16 16:44:23 Arch kernel: PCI: Using configuration type 1 for base access
Apr 16 16:44:23 Arch kernel: kprobes: kprobe jump-optimization is enabled. All kprobes are optimized if possible.
Apr 16 16:44:23 Arch kernel: HugeTLB: registered 1.00 GiB page size, pre-allocated 0 pages
Apr 16 16:44:23 Arch kernel: HugeTLB: 16380 KiB vmemmap can be freed for a 1.00 GiB page
Apr 16 16:44:23 Arch kernel: HugeTLB: registered 2.00 MiB page size, pre-allocated 0 pages
Apr 16 16:44:23 Arch kernel: HugeTLB: 28 KiB vmemmap can be freed for a 2.00 MiB page
Apr 16 16:44:23 Arch kernel: raid6: skipped pq benchmark and selected avx2x4
Apr 16 16:44:23 Arch kernel: raid6: using avx2x2 recovery algorithm
Apr 16 16:44:23 Arch kernel: ACPI: Disabled all _OSI OS vendors
Apr 16 16:44:23 Arch kernel: ACPI: Added _OSI(Module Device)
Apr 16 16:44:23 Arch kernel: ACPI: Added _OSI(Processor Device)
Apr 16 16:44:23 Arch kernel: ACPI: Added _OSI(3.0 _SCP Extensions)
Apr 16 16:44:23 Arch kernel: ACPI: Added _OSI(Processor Aggregator Device)
Apr 16 16:44:23 Arch kernel: ACPI: 17 ACPI AML tables successfully acquired and loaded
Apr 16 16:44:23 Arch kernel: ACPI: Dynamic OEM Table Load:
Apr 16 16:44:23 Arch kernel: ACPI: SSDT 0xFFFF9BD0C21FD000 000394 (v02 PmRef  Cpu0Cst  00003001 INTL 20200717)
Apr 16 16:44:23 Arch kernel: ACPI: Dynamic OEM Table Load:
Apr 16 16:44:23 Arch kernel: ACPI: SSDT 0xFFFF9BD0C34D4800 00053F (v02 PmRef  Cpu0Ist  00003000 INTL 20200717)
Apr 16 16:44:23 Arch kernel: ACPI: Dynamic OEM Table Load:
Apr 16 16:44:23 Arch kernel: ACPI: SSDT 0xFFFF9BD0C3490A00 0001AB (v02 PmRef  Cpu0Psd  00003000 INTL 20200717)
Apr 16 16:44:23 Arch kernel: ACPI: Dynamic OEM Table Load:
Apr 16 16:44:23 Arch kernel: ACPI: SSDT 0xFFFF9BD0C21E0000 001BAF (v02 PmRef  ApIst    00003000 INTL 20200717)
Apr 16 16:44:23 Arch kernel: ACPI: Dynamic OEM Table Load:
Apr 16 16:44:23 Arch kernel: ACPI: SSDT 0xFFFF9BD0C21E6000 001349 (v02 PmRef  ApPsd    00003000 INTL 20200717)
Apr 16 16:44:23 Arch kernel: ACPI: Dynamic OEM Table Load:
Apr 16 16:44:23 Arch kernel: ACPI: SSDT 0xFFFF9BD0C21F5000 000FBB (v02 PmRef  ApCst    00003000 INTL 20200717)
Apr 16 16:44:23 Arch kernel: ACPI: EC: EC started
Apr 16 16:44:23 Arch kernel: ACPI: EC: interrupt blocked
Apr 16 16:44:23 Arch kernel: ACPI: EC: EC_CMD/EC_SC=0x66, EC_DATA=0x62
Apr 16 16:44:23 Arch kernel: ACPI: \_SB_.PC00.LPCB.EC0_: Boot DSDT EC used to handle transactions
Apr 16 16:44:23 Arch kernel: ACPI: Interpreter enabled
Apr 16 16:44:23 Arch kernel: ACPI: PM: (supports S0 S3 S4 S5)
Apr 16 16:44:23 Arch kernel: ACPI: Using IOAPIC for interrupt routing
Apr 16 16:44:23 Arch kernel: PCI: Using host bridge windows from ACPI; if necessary, use "pci=nocrs" and report a bug
Apr 16 16:44:23 Arch kernel: PCI: Ignoring E820 reservations for host bridge windows
Apr 16 16:44:23 Arch kernel: ACPI: Enabled 9 GPEs in block 00 to 7F
Apr 16 16:44:23 Arch kernel: ACPI: \_SB_.PC00.PEG1.PXP_: New power resource
Apr 16 16:44:23 Arch kernel: ACPI: \_SB_.PC00.XHCI.RHUB.HS14.BTRT: New power resource
Apr 16 16:44:23 Arch kernel: ACPI: \_SB_.PC00.CNVW.WRST: New power resource
Apr 16 16:44:23 Arch kernel: ACPI: \PIN_: New power resource
Apr 16 16:44:23 Arch kernel: ACPI: \SPR4: New power resource
Apr 16 16:44:23 Arch kernel: ACPI: \SPR5: New power resource
Apr 16 16:44:23 Arch kernel: ACPI: \SPR6: New power resource
Apr 16 16:44:23 Arch kernel: ACPI: PCI Root Bridge [PC00] (domain 0000 [bus 00-fe])
Apr 16 16:44:23 Arch kernel: acpi PNP0A08:00: _OSC: OS supports [ExtendedConfig Segments MSI EDR HPX-Type3]
Apr 16 16:44:23 Arch kernel: acpi PNP0A08:00: _OSC: not requesting OS control; OS requires [ExtendedConfig ASPM ClockPM MSI]
Apr 16 16:44:23 Arch kernel: acpi PNP0A08:00: FADT indicates ASPM is unsupported, using BIOS configuration
Apr 16 16:44:23 Arch kernel: PCI host bridge to bus 0000:00
Apr 16 16:44:23 Arch kernel: pci_bus 0000:00: root bus resource [io  0x0000-0x0cf7 window]
Apr 16 16:44:23 Arch kernel: pci_bus 0000:00: root bus resource [io  0x0d00-0xffff window]
Apr 16 16:44:23 Arch kernel: pci_bus 0000:00: root bus resource [mem 0x000a0000-0x000bffff window]
Apr 16 16:44:23 Arch kernel: pci_bus 0000:00: root bus resource [mem 0x80000000-0xbfffffff window]
Apr 16 16:44:23 Arch kernel: pci_bus 0000:00: root bus resource [mem 0x4000000000-0x7fffffffff window]
Apr 16 16:44:23 Arch kernel: pci_bus 0000:00: root bus resource [bus 00-fe]
Apr 16 16:44:23 Arch kernel: pci 0000:00:00.0: [8086:a702] type 00 class 0x060000 conventional PCI endpoint
Apr 16 16:44:23 Arch kernel: pci 0000:00:01.0: [8086:a70d] type 01 class 0x060400 PCIe Root Port
Apr 16 16:44:23 Arch kernel: pci 0000:00:01.0: PCI bridge to [bus 01]
Apr 16 16:44:23 Arch kernel: pci 0000:00:01.0:   bridge window [io  0x6000-0x6fff]
Apr 16 16:44:23 Arch kernel: pci 0000:00:01.0:   bridge window [mem 0x82000000-0x830fffff]
Apr 16 16:44:23 Arch kernel: pci 0000:00:01.0:   bridge window [mem 0x4000000000-0x4201ffffff 64bit pref]
Apr 16 16:44:23 Arch kernel: pci 0000:00:01.0: PME# supported from D0 D3hot D3cold
Apr 16 16:44:23 Arch kernel: pci 0000:00:01.0: PTM enabled (root), 4ns granularity
Apr 16 16:44:23 Arch kernel: pci 0000:00:04.0: [8086:a71d] type 00 class 0x118000 conventional PCI endpoint
Apr 16 16:44:23 Arch kernel: pci 0000:00:04.0: BAR 0 [mem 0x4204100000-0x420411ffff 64bit]
Apr 16 16:44:23 Arch kernel: pci 0000:00:06.0: [8086:a74d] type 01 class 0x060400 PCIe Root Port
Apr 16 16:44:23 Arch kernel: pci 0000:00:06.0: PCI bridge to [bus 02]
Apr 16 16:44:23 Arch kernel: pci 0000:00:06.0:   bridge window [mem 0x83300000-0x833fffff]
Apr 16 16:44:23 Arch kernel: pci 0000:00:06.0: PME# supported from D0 D3hot D3cold
Apr 16 16:44:23 Arch kernel: pci 0000:00:06.0: PTM enabled (root), 4ns granularity
Apr 16 16:44:23 Arch kernel: pci 0000:00:0a.0: [8086:a77d] type 00 class 0x118000 PCIe Root Complex Integrated Endpoint
Apr 16 16:44:23 Arch kernel: pci 0000:00:0a.0: BAR 0 [mem 0x4204120000-0x4204127fff 64bit]
Apr 16 16:44:23 Arch kernel: pci 0000:00:0a.0: enabling Extended Tags
Apr 16 16:44:23 Arch kernel: pci 0000:00:14.0: [8086:7a60] type 00 class 0x0c0330 conventional PCI endpoint
Apr 16 16:44:23 Arch kernel: pci 0000:00:14.0: BAR 0 [mem 0x83480000-0x8348ffff 64bit]
Apr 16 16:44:23 Arch kernel: pci 0000:00:14.0: PME# supported from D3hot D3cold
Apr 16 16:44:23 Arch kernel: pci 0000:00:14.2: [8086:7a27] type 00 class 0x050000 conventional PCI endpoint
Apr 16 16:44:23 Arch kernel: pci 0000:00:14.2: BAR 0 [mem 0x4204138000-0x420413bfff 64bit]
Apr 16 16:44:23 Arch kernel: pci 0000:00:14.2: BAR 2 [mem 0x4204143000-0x4204143fff 64bit]
Apr 16 16:44:23 Arch kernel: pci 0000:00:14.3: [8086:7a70] type 00 class 0x028000 PCIe Root Complex Integrated Endpoint
Apr 16 16:44:23 Arch kernel: pci 0000:00:14.3: BAR 0 [mem 0x4204134000-0x4204137fff 64bit]
Apr 16 16:44:23 Arch kernel: pci 0000:00:14.3: PME# supported from D0 D3hot D3cold
Apr 16 16:44:23 Arch kernel: pci 0000:00:15.0: [8086:7a4c] type 00 class 0x0c8000 conventional PCI endpoint
Apr 16 16:44:23 Arch kernel: pci 0000:00:15.0: BAR 0 [mem 0x00000000-0x00000fff 64bit]
Apr 16 16:44:23 Arch kernel: pci 0000:00:15.1: [8086:7a4d] type 00 class 0x0c8000 conventional PCI endpoint
Apr 16 16:44:23 Arch kernel: pci 0000:00:15.1: BAR 0 [mem 0x00000000-0x00000fff 64bit]
Apr 16 16:44:23 Arch kernel: pci 0000:00:15.2: [8086:7a4e] type 00 class 0x0c8000 conventional PCI endpoint
Apr 16 16:44:23 Arch kernel: pci 0000:00:15.2: BAR 0 [mem 0x00000000-0x00000fff 64bit]
Apr 16 16:44:23 Arch kernel: pci 0000:00:16.0: [8086:7a68] type 00 class 0x078000 conventional PCI endpoint
Apr 16 16:44:23 Arch kernel: pci 0000:00:16.0: BAR 0 [mem 0x420413f000-0x420413ffff 64bit]
Apr 16 16:44:23 Arch kernel: pci 0000:00:16.0: PME# supported from D3hot
Apr 16 16:44:23 Arch kernel: pci 0000:00:19.0: [8086:7a7c] type 00 class 0x0c8000 conventional PCI endpoint
Apr 16 16:44:23 Arch kernel: pci 0000:00:19.0: BAR 0 [mem 0x00000000-0x00000fff 64bit]
Apr 16 16:44:23 Arch kernel: pci 0000:00:19.1: [8086:7a7d] type 00 class 0x0c8000 conventional PCI endpoint
Apr 16 16:44:23 Arch kernel: pci 0000:00:19.1: BAR 0 [mem 0x00000000-0x00000fff 64bit]
Apr 16 16:44:23 Arch kernel: pci 0000:00:1b.0: [8086:7a40] type 01 class 0x060400 PCIe Root Port
Apr 16 16:44:23 Arch kernel: pci 0000:00:1b.0: PCI bridge to [bus 03-07]
Apr 16 16:44:23 Arch kernel: pci 0000:00:1b.0:   bridge window [io  0x5000-0x5fff]
Apr 16 16:44:23 Arch kernel: pci 0000:00:1b.0:   bridge window [mem 0x81000000-0x81ffffff]
Apr 16 16:44:23 Arch kernel: pci 0000:00:1b.0:   bridge window [mem 0x4202000000-0x4202ffffff 64bit pref]
Apr 16 16:44:23 Arch kernel: pci 0000:00:1b.5: [8086:7a45] type 01 class 0x060400 PCIe Root Port
Apr 16 16:44:23 Arch kernel: pci 0000:00:1b.5: PCI bridge to [bus 08]
Apr 16 16:44:23 Arch kernel: pci 0000:00:1b.5:   bridge window [io  0x4000-0x4fff]
Apr 16 16:44:23 Arch kernel: pci 0000:00:1b.5:   bridge window [mem 0x83200000-0x832fffff]
Apr 16 16:44:23 Arch kernel: pci 0000:00:1b.5: PME# supported from D0 D3hot D3cold
Apr 16 16:44:23 Arch kernel: pci 0000:00:1b.5: PTM enabled (root), 4ns granularity
Apr 16 16:44:23 Arch kernel: pci 0000:00:1d.0: [8086:7a30] type 01 class 0x060400 PCIe Root Port
Apr 16 16:44:23 Arch kernel: pci 0000:00:1d.0: PCI bridge to [bus 09-0d]
Apr 16 16:44:23 Arch kernel: pci 0000:00:1d.0:   bridge window [io  0x3000-0x3fff]
Apr 16 16:44:23 Arch kernel: pci 0000:00:1d.0:   bridge window [mem 0x80000000-0x80ffffff]
Apr 16 16:44:23 Arch kernel: pci 0000:00:1d.0:   bridge window [mem 0x4203000000-0x4203ffffff 64bit pref]
Apr 16 16:44:23 Arch kernel: pci 0000:00:1d.0: PME# supported from D0 D3hot D3cold
Apr 16 16:44:23 Arch kernel: pci 0000:00:1d.0: PTM enabled (root), 4ns granularity
Apr 16 16:44:23 Arch kernel: pci 0000:00:1d.4: [8086:7a34] type 01 class 0x060400 PCIe Root Port
Apr 16 16:44:23 Arch kernel: pci 0000:00:1d.4: PCI bridge to [bus 0e]
Apr 16 16:44:23 Arch kernel: pci 0000:00:1d.4:   bridge window [mem 0x83100000-0x831fffff]
Apr 16 16:44:23 Arch kernel: pci 0000:00:1d.4: PME# supported from D0 D3hot D3cold
Apr 16 16:44:23 Arch kernel: pci 0000:00:1d.4: PTM enabled (root), 4ns granularity
Apr 16 16:44:23 Arch kernel: pci 0000:00:1f.0: [8086:7a0c] type 00 class 0x060100 conventional PCI endpoint
Apr 16 16:44:23 Arch kernel: pci 0000:00:1f.3: [8086:7a50] type 00 class 0x040380 conventional PCI endpoint
Apr 16 16:44:23 Arch kernel: pci 0000:00:1f.3: BAR 0 [mem 0x4204130000-0x4204133fff 64bit]
Apr 16 16:44:23 Arch kernel: pci 0000:00:1f.3: BAR 4 [mem 0x4204000000-0x42040fffff 64bit]
Apr 16 16:44:23 Arch kernel: pci 0000:00:1f.3: PME# supported from D3hot D3cold
Apr 16 16:44:23 Arch kernel: pci 0000:00:1f.4: [8086:7a23] type 00 class 0x0c0500 conventional PCI endpoint
Apr 16 16:44:23 Arch kernel: pci 0000:00:1f.4: BAR 0 [mem 0x420413c000-0x420413c0ff 64bit]
Apr 16 16:44:23 Arch kernel: pci 0000:00:1f.4: BAR 4 [io  0xefa0-0xefbf]
Apr 16 16:44:23 Arch kernel: pci 0000:00:1f.5: [8086:7a24] type 00 class 0x0c8000 conventional PCI endpoint
Apr 16 16:44:23 Arch kernel: pci 0000:00:1f.5: BAR 0 [mem 0xfe010000-0xfe010fff]
Apr 16 16:44:23 Arch kernel: pci 0000:01:00.0: [10de:2860] type 00 class 0x030000 PCIe Legacy Endpoint
Apr 16 16:44:23 Arch kernel: pci 0000:01:00.0: BAR 0 [mem 0x82000000-0x82ffffff]
Apr 16 16:44:23 Arch kernel: pci 0000:01:00.0: BAR 1 [mem 0x4000000000-0x41ffffffff 64bit pref]
Apr 16 16:44:23 Arch kernel: pci 0000:01:00.0: BAR 3 [mem 0x4200000000-0x4201ffffff 64bit pref]
Apr 16 16:44:23 Arch kernel: pci 0000:01:00.0: BAR 5 [io  0x6000-0x607f]
Apr 16 16:44:23 Arch kernel: pci 0000:01:00.0: ROM [mem 0xfff80000-0xffffffff pref]
Apr 16 16:44:23 Arch kernel: pci 0000:01:00.0: PME# supported from D0 D3hot
Apr 16 16:44:23 Arch kernel: pci 0000:01:00.0: 16.000 Gb/s available PCIe bandwidth, limited by 2.5 GT/s PCIe x8 link at 0000:00:01.0 (capable of 126.024 Gb/s with 16.0 GT/s PCIe x8 link)
Apr 16 16:44:23 Arch kernel: pci 0000:01:00.1: [10de:22bd] type 00 class 0x040300 PCIe Endpoint
Apr 16 16:44:23 Arch kernel: pci 0000:01:00.1: BAR 0 [mem 0x83000000-0x83003fff]
Apr 16 16:44:23 Arch kernel: pci 0000:00:01.0: PCI bridge to [bus 01]
Apr 16 16:44:23 Arch kernel: pci 0000:02:00.0: [144d:a80a] type 00 class 0x010802 PCIe Endpoint
Apr 16 16:44:23 Arch kernel: pci 0000:02:00.0: BAR 0 [mem 0x83300000-0x83303fff 64bit]
Apr 16 16:44:23 Arch kernel: pci 0000:00:06.0: PCI bridge to [bus 02]
Apr 16 16:44:23 Arch kernel: pci 0000:00:1b.0: PCI bridge to [bus 03-07]
Apr 16 16:44:23 Arch kernel: pci 0000:08:00.0: [10ec:8168] type 00 class 0x020000 PCIe Endpoint
Apr 16 16:44:23 Arch kernel: pci 0000:08:00.0: BAR 0 [io  0x4000-0x40ff]
Apr 16 16:44:23 Arch kernel: pci 0000:08:00.0: BAR 2 [mem 0x83204000-0x83204fff 64bit]
Apr 16 16:44:23 Arch kernel: pci 0000:08:00.0: BAR 4 [mem 0x83200000-0x83203fff 64bit]
Apr 16 16:44:23 Arch kernel: pci 0000:08:00.0: supports D1 D2
Apr 16 16:44:23 Arch kernel: pci 0000:08:00.0: PME# supported from D0 D1 D2 D3hot D3cold
Apr 16 16:44:23 Arch kernel: pci 0000:00:1b.5: PCI bridge to [bus 08]
Apr 16 16:44:23 Arch kernel: pci 0000:00:1d.0: PCI bridge to [bus 09-0d]
Apr 16 16:44:23 Arch kernel: pci 0000:0e:00.0: [2646:2263] type 00 class 0x010802 PCIe Endpoint
Apr 16 16:44:23 Arch kernel: pci 0000:0e:00.0: BAR 0 [mem 0x83100000-0x83103fff 64bit]
Apr 16 16:44:23 Arch kernel: pci 0000:00:1d.4: PCI bridge to [bus 0e]
Apr 16 16:44:23 Arch kernel: ACPI: EC: interrupt unblocked
Apr 16 16:44:23 Arch kernel: ACPI: EC: event unblocked
Apr 16 16:44:23 Arch kernel: ACPI: EC: EC_CMD/EC_SC=0x66, EC_DATA=0x62
Apr 16 16:44:23 Arch kernel: ACPI: EC: GPE=0x6e
Apr 16 16:44:23 Arch kernel: ACPI: \_SB_.PC00.LPCB.EC0_: Boot DSDT EC initialization complete
Apr 16 16:44:23 Arch kernel: ACPI: \_SB_.PC00.LPCB.EC0_: EC: Used to handle transactions and events
Apr 16 16:44:23 Arch kernel: iommu: Default domain type: Translated
Apr 16 16:44:23 Arch kernel: iommu: DMA domain TLB invalidation policy: lazy mode
Apr 16 16:44:23 Arch kernel: SCSI subsystem initialized
Apr 16 16:44:23 Arch kernel: libata version 3.00 loaded.
Apr 16 16:44:23 Arch kernel: ACPI: bus type USB registered
Apr 16 16:44:23 Arch kernel: usbcore: registered new interface driver usbfs
Apr 16 16:44:23 Arch kernel: usbcore: registered new interface driver hub
Apr 16 16:44:23 Arch kernel: usbcore: registered new device driver usb
Apr 16 16:44:23 Arch kernel: EDAC MC: Ver: 3.0.0
Apr 16 16:44:23 Arch kernel: efivars: Registered efivars operations
Apr 16 16:44:23 Arch kernel: NetLabel: Initializing
Apr 16 16:44:23 Arch kernel: NetLabel:  domain hash size = 128
Apr 16 16:44:23 Arch kernel: NetLabel:  protocols = UNLABELED CIPSOv4 CALIPSO
Apr 16 16:44:23 Arch kernel: NetLabel:  unlabeled traffic allowed by default
Apr 16 16:44:23 Arch kernel: mctp: management component transport protocol core
Apr 16 16:44:23 Arch kernel: NET: Registered PF_MCTP protocol family
Apr 16 16:44:23 Arch kernel: PCI: Using ACPI for IRQ routing
Apr 16 16:44:23 Arch kernel: PCI: pci_cache_line_size set to 64 bytes
Apr 16 16:44:23 Arch kernel: pci 0000:00:1f.5: BAR 0 [mem 0xfe010000-0xfe010fff]: can't claim; no compatible bridge window
Apr 16 16:44:23 Arch kernel: e820: reserve RAM buffer [mem 0x0009f000-0x0009ffff]
Apr 16 16:44:23 Arch kernel: e820: reserve RAM buffer [mem 0x63ef5018-0x63ffffff]
Apr 16 16:44:23 Arch kernel: e820: reserve RAM buffer [mem 0x6d1f1000-0x6fffffff]
Apr 16 16:44:23 Arch kernel: e820: reserve RAM buffer [mem 0x6d349000-0x6fffffff]
Apr 16 16:44:23 Arch kernel: e820: reserve RAM buffer [mem 0x72229000-0x73ffffff]
Apr 16 16:44:23 Arch kernel: e820: reserve RAM buffer [mem 0x7493f000-0x77ffffff]
Apr 16 16:44:23 Arch kernel: e820: reserve RAM buffer [mem 0x79b00000-0x7bffffff]
Apr 16 16:44:23 Arch kernel: pci 0000:01:00.0: vgaarb: setting as boot VGA device
Apr 16 16:44:23 Arch kernel: pci 0000:01:00.0: vgaarb: bridge control possible
Apr 16 16:44:23 Arch kernel: pci 0000:01:00.0: vgaarb: VGA device added: decodes=io+mem,owns=none,locks=none
Apr 16 16:44:23 Arch kernel: vgaarb: loaded
Apr 16 16:44:23 Arch kernel: clocksource: Switched to clocksource tsc-early
Apr 16 16:44:23 Arch kernel: VFS: Disk quotas dquot_6.6.0
Apr 16 16:44:23 Arch kernel: VFS: Dquot-cache hash table entries: 512 (order 0, 4096 bytes)
Apr 16 16:44:23 Arch kernel: pnp: PnP ACPI init
Apr 16 16:44:23 Arch kernel: system 00:00: [io  0x0680-0x069f] has been reserved
Apr 16 16:44:23 Arch kernel: system 00:00: [io  0x164e-0x164f] has been reserved
Apr 16 16:44:23 Arch kernel: system 00:01: [io  0x1854-0x1857] has been reserved
Apr 16 16:44:23 Arch kernel: system 00:03: [mem 0xfedc0000-0xfedc7fff] has been reserved
Apr 16 16:44:23 Arch kernel: system 00:03: [mem 0xfeda0000-0xfeda0fff] has been reserved
Apr 16 16:44:23 Arch kernel: system 00:03: [mem 0xfeda1000-0xfeda1fff] has been reserved
Apr 16 16:44:23 Arch kernel: system 00:03: [mem 0xc0000000-0xcfffffff] has been reserved
Apr 16 16:44:23 Arch kernel: system 00:03: [mem 0xfed20000-0xfed7ffff] could not be reserved
Apr 16 16:44:23 Arch kernel: system 00:03: [mem 0xfed90000-0xfed93fff] could not be reserved
Apr 16 16:44:23 Arch kernel: system 00:03: [mem 0xfed45000-0xfed8ffff] could not be reserved
Apr 16 16:44:23 Arch kernel: system 00:03: [mem 0xfee00000-0xfeefffff] has been reserved
Apr 16 16:44:23 Arch kernel: system 00:04: [io  0x2000-0x20fe] has been reserved
Apr 16 16:44:23 Arch kernel: pnp: PnP ACPI: found 6 devices
Apr 16 16:44:23 Arch kernel: clocksource: acpi_pm: mask: 0xffffff max_cycles: 0xffffff, max_idle_ns: 2085701024 ns
Apr 16 16:44:23 Arch kernel: NET: Registered PF_INET protocol family
Apr 16 16:44:23 Arch kernel: IP idents hash table entries: 262144 (order: 9, 2097152 bytes, linear)
Apr 16 16:44:23 Arch kernel: tcp_listen_portaddr_hash hash table entries: 16384 (order: 6, 262144 bytes, linear)
Apr 16 16:44:23 Arch kernel: Table-perturb hash table entries: 65536 (order: 6, 262144 bytes, linear)
Apr 16 16:44:23 Arch kernel: TCP established hash table entries: 262144 (order: 9, 2097152 bytes, linear)
Apr 16 16:44:23 Arch kernel: TCP bind hash table entries: 65536 (order: 9, 2097152 bytes, linear)
Apr 16 16:44:23 Arch kernel: TCP: Hash tables configured (established 262144 bind 65536)
Apr 16 16:44:23 Arch kernel: MPTCP token hash table entries: 32768 (order: 7, 786432 bytes, linear)
Apr 16 16:44:23 Arch kernel: UDP hash table entries: 16384 (order: 8, 1048576 bytes, linear)
Apr 16 16:44:23 Arch kernel: UDP-Lite hash table entries: 16384 (order: 8, 1048576 bytes, linear)
Apr 16 16:44:23 Arch kernel: NET: Registered PF_UNIX/PF_LOCAL protocol family
Apr 16 16:44:23 Arch kernel: NET: Registered PF_XDP protocol family
Apr 16 16:44:23 Arch kernel: pci 0000:01:00.0: ROM [mem 0xfff80000-0xffffffff pref]: can't claim; no compatible bridge window
Apr 16 16:44:23 Arch kernel: pci 0000:00:15.0: BAR 0 [mem 0x4204128000-0x4204128fff 64bit]: assigned
Apr 16 16:44:23 Arch kernel: pci 0000:00:15.1: BAR 0 [mem 0x4204129000-0x4204129fff 64bit]: assigned
Apr 16 16:44:23 Arch kernel: pci 0000:00:15.2: BAR 0 [mem 0x420412a000-0x420412afff 64bit]: assigned
Apr 16 16:44:23 Arch kernel: pci 0000:00:19.0: BAR 0 [mem 0x420412b000-0x420412bfff 64bit]: assigned
Apr 16 16:44:23 Arch kernel: pci 0000:00:19.1: BAR 0 [mem 0x420412c000-0x420412cfff 64bit]: assigned
Apr 16 16:44:23 Arch kernel: pci 0000:00:1f.5: BAR 0 [mem 0x83400000-0x83400fff]: assigned
Apr 16 16:44:23 Arch kernel: pci 0000:01:00.0: ROM [mem 0x83080000-0x830fffff pref]: assigned
Apr 16 16:44:23 Arch kernel: pci 0000:00:01.0: PCI bridge to [bus 01]
Apr 16 16:44:23 Arch kernel: pci 0000:00:01.0:   bridge window [io  0x6000-0x6fff]
Apr 16 16:44:23 Arch kernel: pci 0000:00:01.0:   bridge window [mem 0x82000000-0x830fffff]
Apr 16 16:44:23 Arch kernel: pci 0000:00:01.0:   bridge window [mem 0x4000000000-0x4201ffffff 64bit pref]
Apr 16 16:44:23 Arch kernel: pci 0000:00:06.0: PCI bridge to [bus 02]
Apr 16 16:44:23 Arch kernel: pci 0000:00:06.0:   bridge window [mem 0x83300000-0x833fffff]
Apr 16 16:44:23 Arch kernel: pci 0000:00:1b.0: PCI bridge to [bus 03-07]
Apr 16 16:44:23 Arch kernel: pci 0000:00:1b.0:   bridge window [io  0x5000-0x5fff]
Apr 16 16:44:23 Arch kernel: pci 0000:00:1b.0:   bridge window [mem 0x81000000-0x81ffffff]
Apr 16 16:44:23 Arch kernel: pci 0000:00:1b.0:   bridge window [mem 0x4202000000-0x4202ffffff 64bit pref]
Apr 16 16:44:23 Arch kernel: pci 0000:00:1b.5: PCI bridge to [bus 08]
Apr 16 16:44:23 Arch kernel: pci 0000:00:1b.5:   bridge window [io  0x4000-0x4fff]
Apr 16 16:44:23 Arch kernel: pci 0000:00:1b.5:   bridge window [mem 0x83200000-0x832fffff]
Apr 16 16:44:23 Arch kernel: pci 0000:00:1d.0: PCI bridge to [bus 09-0d]
Apr 16 16:44:23 Arch kernel: pci 0000:00:1d.0:   bridge window [io  0x3000-0x3fff]
Apr 16 16:44:23 Arch kernel: pci 0000:00:1d.0:   bridge window [mem 0x80000000-0x80ffffff]
Apr 16 16:44:23 Arch kernel: pci 0000:00:1d.0:   bridge window [mem 0x4203000000-0x4203ffffff 64bit pref]
Apr 16 16:44:23 Arch kernel: pci 0000:00:1d.4: PCI bridge to [bus 0e]
Apr 16 16:44:23 Arch kernel: pci 0000:00:1d.4:   bridge window [mem 0x83100000-0x831fffff]
Apr 16 16:44:23 Arch kernel: pci_bus 0000:00: resource 4 [io  0x0000-0x0cf7 window]
Apr 16 16:44:23 Arch kernel: pci_bus 0000:00: resource 5 [io  0x0d00-0xffff window]
Apr 16 16:44:23 Arch kernel: pci_bus 0000:00: resource 6 [mem 0x000a0000-0x000bffff window]
Apr 16 16:44:23 Arch kernel: pci_bus 0000:00: resource 7 [mem 0x80000000-0xbfffffff window]
Apr 16 16:44:23 Arch kernel: pci_bus 0000:00: resource 8 [mem 0x4000000000-0x7fffffffff window]
Apr 16 16:44:23 Arch kernel: pci_bus 0000:01: resource 0 [io  0x6000-0x6fff]
Apr 16 16:44:23 Arch kernel: pci_bus 0000:01: resource 1 [mem 0x82000000-0x830fffff]
Apr 16 16:44:23 Arch kernel: pci_bus 0000:01: resource 2 [mem 0x4000000000-0x4201ffffff 64bit pref]
Apr 16 16:44:23 Arch kernel: pci_bus 0000:02: resource 1 [mem 0x83300000-0x833fffff]
Apr 16 16:44:23 Arch kernel: pci_bus 0000:03: resource 0 [io  0x5000-0x5fff]
Apr 16 16:44:23 Arch kernel: pci_bus 0000:03: resource 1 [mem 0x81000000-0x81ffffff]
Apr 16 16:44:23 Arch kernel: pci_bus 0000:03: resource 2 [mem 0x4202000000-0x4202ffffff 64bit pref]
Apr 16 16:44:23 Arch kernel: pci_bus 0000:08: resource 0 [io  0x4000-0x4fff]
Apr 16 16:44:23 Arch kernel: pci_bus 0000:08: resource 1 [mem 0x83200000-0x832fffff]
Apr 16 16:44:23 Arch kernel: pci_bus 0000:09: resource 0 [io  0x3000-0x3fff]
Apr 16 16:44:23 Arch kernel: pci_bus 0000:09: resource 1 [mem 0x80000000-0x80ffffff]
Apr 16 16:44:23 Arch kernel: pci_bus 0000:09: resource 2 [mem 0x4203000000-0x4203ffffff 64bit pref]
Apr 16 16:44:23 Arch kernel: pci_bus 0000:0e: resource 1 [mem 0x83100000-0x831fffff]
Apr 16 16:44:23 Arch kernel: pci 0000:01:00.1: extending delay after power-on from D3hot to 20 msec
Apr 16 16:44:23 Arch kernel: pci 0000:01:00.1: D0 power state depends on 0000:01:00.0
Apr 16 16:44:23 Arch kernel: PCI: CLS 64 bytes, default 64
Apr 16 16:44:23 Arch kernel: PCI-DMA: Using software bounce buffering for IO (SWIOTLB)
Apr 16 16:44:23 Arch kernel: software IO TLB: mapped [mem 0x000000005fef5000-0x0000000063ef5000] (64MB)
Apr 16 16:44:23 Arch kernel: Trying to unpack rootfs image as initramfs...
Apr 16 16:44:23 Arch kernel: clocksource: tsc: mask: 0xffffffffffffffff max_cycles: 0x22df1149949, max_idle_ns: 440795312789 ns
Apr 16 16:44:23 Arch kernel: clocksource: Switched to clocksource tsc
Apr 16 16:44:23 Arch kernel: platform rtc_cmos: registered platform RTC device (no PNP device found)
Apr 16 16:44:23 Arch kernel: Initialise system trusted keyrings
Apr 16 16:44:23 Arch kernel: Key type blacklist registered
Apr 16 16:44:23 Arch kernel: workingset: timestamp_bits=36 max_order=23 bucket_order=0
Apr 16 16:44:23 Arch kernel: fuse: init (API version 7.42)
Apr 16 16:44:23 Arch kernel: integrity: Platform Keyring initialized
Apr 16 16:44:23 Arch kernel: integrity: Machine keyring initialized
Apr 16 16:44:23 Arch kernel: xor: automatically using best checksumming function   avx       
Apr 16 16:44:23 Arch kernel: Key type asymmetric registered
Apr 16 16:44:23 Arch kernel: Asymmetric key parser 'x509' registered
Apr 16 16:44:23 Arch kernel: Block layer SCSI generic (bsg) driver version 0.4 loaded (major 246)
Apr 16 16:44:23 Arch kernel: io scheduler mq-deadline registered
Apr 16 16:44:23 Arch kernel: io scheduler kyber registered
Apr 16 16:44:23 Arch kernel: io scheduler bfq registered
Apr 16 16:44:23 Arch kernel: ledtrig-cpu: registered to indicate activity on CPUs
Apr 16 16:44:23 Arch kernel: shpchp: Standard Hot Plug PCI Controller Driver version: 0.4
Apr 16 16:44:23 Arch kernel: Monitor-Mwait will be used to enter C-1 state
Apr 16 16:44:23 Arch kernel: Monitor-Mwait will be used to enter C-2 state
Apr 16 16:44:23 Arch kernel: Monitor-Mwait will be used to enter C-3 state
Apr 16 16:44:23 Arch kernel: ACPI: AC: AC Adapter [ADP0] (on-line)
Apr 16 16:44:23 Arch kernel: input: Lid Switch as /devices/LNXSYSTM:00/LNXSYBUS:00/PNP0C0D:00/input/input0
Apr 16 16:44:23 Arch kernel: ACPI: button: Lid Switch [LID0]
Apr 16 16:44:23 Arch kernel: input: Power Button as /devices/LNXSYSTM:00/LNXSYBUS:00/PNP0C0C:00/input/input1
Apr 16 16:44:23 Arch kernel: ACPI: button: Power Button [PWRB]
Apr 16 16:44:23 Arch kernel: input: Power Button as /devices/LNXSYSTM:00/LNXPWRBN:00/input/input2
Apr 16 16:44:23 Arch kernel: ACPI: button: Power Button [PWRF]
Apr 16 16:44:23 Arch kernel: Serial: 8250/16550 driver, 32 ports, IRQ sharing enabled
Apr 16 16:44:23 Arch kernel: hpet_acpi_add: no address or irqs in _CRS
Apr 16 16:44:23 Arch kernel: Non-volatile memory driver v1.3
Apr 16 16:44:23 Arch kernel: Linux agpgart interface v0.103
Apr 16 16:44:23 Arch kernel: ACPI: bus type drm_connector registered
Apr 16 16:44:23 Arch kernel: xhci_hcd 0000:00:14.0: xHCI Host Controller
Apr 16 16:44:23 Arch kernel: xhci_hcd 0000:00:14.0: new USB bus registered, assigned bus number 1
Apr 16 16:44:23 Arch kernel: xhci_hcd 0000:00:14.0: hcc params 0x20007fc1 hci version 0x120 quirks 0x0000000200009810
Apr 16 16:44:23 Arch kernel: xhci_hcd 0000:00:14.0: xHCI Host Controller
Apr 16 16:44:23 Arch kernel: xhci_hcd 0000:00:14.0: new USB bus registered, assigned bus number 2
Apr 16 16:44:23 Arch kernel: xhci_hcd 0000:00:14.0: Host supports USB 3.2 Enhanced SuperSpeed
Apr 16 16:44:23 Arch kernel: usb usb1: New USB device found, idVendor=1d6b, idProduct=0002, bcdDevice= 6.14
Apr 16 16:44:23 Arch kernel: usb usb1: New USB device strings: Mfr=3, Product=2, SerialNumber=1
Apr 16 16:44:23 Arch kernel: usb usb1: Product: xHCI Host Controller
Apr 16 16:44:23 Arch kernel: usb usb1: Manufacturer: Linux 6.14.2-arch1-1 xhci-hcd
Apr 16 16:44:23 Arch kernel: usb usb1: SerialNumber: 0000:00:14.0
Apr 16 16:44:23 Arch kernel: hub 1-0:1.0: USB hub found
Apr 16 16:44:23 Arch kernel: hub 1-0:1.0: 16 ports detected
Apr 16 16:44:23 Arch kernel: usb usb2: New USB device found, idVendor=1d6b, idProduct=0003, bcdDevice= 6.14
Apr 16 16:44:23 Arch kernel: usb usb2: New USB device strings: Mfr=3, Product=2, SerialNumber=1
Apr 16 16:44:23 Arch kernel: usb usb2: Product: xHCI Host Controller
Apr 16 16:44:23 Arch kernel: usb usb2: Manufacturer: Linux 6.14.2-arch1-1 xhci-hcd
Apr 16 16:44:23 Arch kernel: usb usb2: SerialNumber: 0000:00:14.0
Apr 16 16:44:23 Arch kernel: hub 2-0:1.0: USB hub found
Apr 16 16:44:23 Arch kernel: hub 2-0:1.0: 10 ports detected
Apr 16 16:44:23 Arch kernel: usbcore: registered new interface driver usbserial_generic
Apr 16 16:44:23 Arch kernel: usbserial: USB Serial support registered for generic
Apr 16 16:44:23 Arch kernel: rtc_cmos rtc_cmos: RTC can wake from S4
Apr 16 16:44:23 Arch kernel: ACPI: battery: Slot [BAT0] (battery present)
Apr 16 16:44:23 Arch kernel: rtc_cmos rtc_cmos: registered as rtc0
Apr 16 16:44:23 Arch kernel: rtc_cmos rtc_cmos: setting system clock to 2025-04-16T14:44:19 UTC (1744814659)
Apr 16 16:44:23 Arch kernel: rtc_cmos rtc_cmos: alarms up to one month, y3k, 114 bytes nvram
Apr 16 16:44:23 Arch kernel: intel_pstate: Intel P-state driver initializing
Apr 16 16:44:23 Arch kernel: intel_pstate: HWP enabled
Apr 16 16:44:23 Arch kernel: efifb: probing for efifb
Apr 16 16:44:23 Arch kernel: efifb: framebuffer at 0x4000000000, using 25600k, total 25600k
Apr 16 16:44:23 Arch kernel: efifb: mode is 2560x1600x32, linelength=16384, pages=1
Apr 16 16:44:23 Arch kernel: efifb: scrolling: redraw
Apr 16 16:44:23 Arch kernel: efifb: Truecolor: size=8:8:8:8, shift=24:16:8:0
Apr 16 16:44:23 Arch kernel: fbcon: Deferring console take-over
Apr 16 16:44:23 Arch kernel: fb0: EFI VGA frame buffer device
Apr 16 16:44:23 Arch kernel: hid: raw HID events driver (C) Jiri Kosina
Apr 16 16:44:23 Arch kernel: drop_monitor: Initializing network drop monitor service
Apr 16 16:44:23 Arch kernel: NET: Registered PF_INET6 protocol family
Apr 16 16:44:23 Arch kernel: Freeing initrd memory: 92516K
Apr 16 16:44:23 Arch kernel: Segment Routing with IPv6
Apr 16 16:44:23 Arch kernel: RPL Segment Routing with IPv6
Apr 16 16:44:23 Arch kernel: In-situ OAM (IOAM) with IPv6
Apr 16 16:44:23 Arch kernel: NET: Registered PF_PACKET protocol family
Apr 16 16:44:23 Arch kernel: ENERGY_PERF_BIAS: Set to 'normal', was 'performance'
Apr 16 16:44:23 Arch kernel: microcode: Current revision: 0x0000012c
Apr 16 16:44:23 Arch kernel: microcode: Updated early from: 0x00000125
Apr 16 16:44:23 Arch kernel: IPI shorthand broadcast: enabled
Apr 16 16:44:23 Arch kernel: sched_clock: Marking stable (1062000660, 6299447)->(1102254528, -33954421)
Apr 16 16:44:23 Arch kernel: registered taskstats version 1
Apr 16 16:44:23 Arch kernel: Loading compiled-in X.509 certificates
Apr 16 16:44:23 Arch kernel: Loaded X.509 cert 'Build time autogenerated kernel key: e3665f545f8b4931129cd28bc9717330faab08ce'
Apr 16 16:44:23 Arch kernel: zswap: loaded using pool zstd/zsmalloc
Apr 16 16:44:23 Arch kernel: Demotion targets for Node 0: null
Apr 16 16:44:23 Arch kernel: Key type .fscrypt registered
Apr 16 16:44:23 Arch kernel: Key type fscrypt-provisioning registered
Apr 16 16:44:23 Arch kernel: Btrfs loaded, zoned=yes, fsverity=yes
Apr 16 16:44:23 Arch kernel: integrity: Loading X.509 certificate: UEFI:db
Apr 16 16:44:23 Arch kernel: integrity: Loaded X.509 cert 'Microsoft Windows Production PCA 2011: a92902398e16c49778cd90f99e4f9ae17c55af53'
Apr 16 16:44:23 Arch kernel: integrity: Loading X.509 certificate: UEFI:db
Apr 16 16:44:23 Arch kernel: integrity: Loaded X.509 cert 'Microsoft Corporation UEFI CA 2011: 13adbf4309bd82709c8cd54f316ed522988a1bd4'
Apr 16 16:44:23 Arch kernel: integrity: Loading X.509 certificate: UEFI:db
Apr 16 16:44:23 Arch kernel: integrity: Loaded X.509 cert ': 6a783b29543662aa4accb002c2245f46'
Apr 16 16:44:23 Arch kernel: PM:   Magic number: 5:359:738
Apr 16 16:44:23 Arch kernel: RAS: Correctable Errors collector initialized.
Apr 16 16:44:23 Arch kernel: clk: Disabling unused clocks
Apr 16 16:44:23 Arch kernel: PM: genpd: Disabling unused power domains
Apr 16 16:44:23 Arch kernel: Freeing unused decrypted memory: 2028K
Apr 16 16:44:23 Arch kernel: Freeing unused kernel image (initmem) memory: 4528K
Apr 16 16:44:23 Arch kernel: Write protecting the kernel read-only data: 36864k
Apr 16 16:44:23 Arch kernel: Freeing unused kernel image (text/rodata gap) memory: 1280K
Apr 16 16:44:23 Arch kernel: Freeing unused kernel image (rodata/data gap) memory: 116K
Apr 16 16:44:23 Arch kernel: x86/mm: Checked W+X mappings: passed, no W+X pages found.
Apr 16 16:44:23 Arch kernel: rodata_test: all tests were successful
Apr 16 16:44:23 Arch kernel: Run /init as init process
Apr 16 16:44:23 Arch kernel:   with arguments:
Apr 16 16:44:23 Arch kernel:     /init
Apr 16 16:44:23 Arch kernel:   with environment:
Apr 16 16:44:23 Arch kernel:     HOME=/
Apr 16 16:44:23 Arch kernel:     TERM=linux
Apr 16 16:44:23 Arch kernel:     BOOT_IMAGE=/vmlinuz-linux
Apr 16 16:44:23 Arch kernel:     apci_osi=Windows 2015
Apr 16 16:44:23 Arch kernel: fbcon: Taking over console
Apr 16 16:44:23 Arch kernel: Console: switching to colour frame buffer device 160x50
Apr 16 16:44:23 Arch kernel: nvidia: loading out-of-tree module taints kernel.
Apr 16 16:44:23 Arch kernel: nvidia: module verification failed: signature and/or required key missing - tainting kernel
Apr 16 16:44:23 Arch kernel: usb 1-1: new full-speed USB device number 2 using xhci_hcd
Apr 16 16:44:23 Arch kernel: nvidia-nvlink: Nvlink Core is being initialized, major device number 240
Apr 16 16:44:23 Arch kernel: 
Apr 16 16:44:23 Arch kernel: nvidia 0000:01:00.0: vgaarb: VGA decodes changed: olddecodes=io+mem,decodes=none:owns=none
Apr 16 16:44:23 Arch kernel: NVRM: loading NVIDIA UNIX Open Kernel Module for x86_64  570.133.07  Release Build  (archlinux-builder@)  
Apr 16 16:44:23 Arch kernel: ACPI: video: [Firmware Bug]: ACPI(PEGP) defines _DOD but not _DOS
Apr 16 16:44:23 Arch kernel: ACPI: video: Video Device [PEGP] (multi-head: yes  rom: no  post: no)
Apr 16 16:44:23 Arch kernel: input: Video Bus as /devices/LNXSYSTM:00/LNXSYBUS:00/PNP0A08:00/device:03/LNXVIDEO:00/input/input3
Apr 16 16:44:23 Arch kernel: nvidia-modeset: Loading NVIDIA UNIX Open Kernel Mode Setting Driver for x86_64  570.133.07  Release Build  (archlinux-builder@)  
Apr 16 16:44:23 Arch kernel: usb 1-1: New USB device found, idVendor=048d, idProduct=c985, bcdDevice= 2.00
Apr 16 16:44:23 Arch kernel: usb 1-1: New USB device strings: Mfr=1, Product=2, SerialNumber=0
Apr 16 16:44:23 Arch kernel: usb 1-1: Product: ITE Device(8295)
Apr 16 16:44:23 Arch kernel: usb 1-1: Manufacturer: ITE Tech. Inc.
Apr 16 16:44:23 Arch kernel: usbcore: registered new interface driver usbhid
Apr 16 16:44:23 Arch kernel: usbhid: USB HID core driver
Apr 16 16:44:23 Arch kernel: input: ITE Tech. Inc. ITE Device(8295) Keyboard as /devices/pci0000:00/0000:00:14.0/usb1/1-1/1-1:1.0/0003:048D:C985.0001/input/input4
Apr 16 16:44:23 Arch kernel: [drm] [nvidia-drm] [GPU ID 0x00000100] Loading driver
Apr 16 16:44:23 Arch kernel: usb 1-4: new full-speed USB device number 3 using xhci_hcd
Apr 16 16:44:23 Arch kernel: hid-generic 0003:048D:C985.0001: input,hiddev96,hidraw0: USB HID v1.10 Keyboard [ITE Tech. Inc. ITE Device(8295)] on usb-0000:00:14.0-1/input0
Apr 16 16:44:23 Arch kernel: hid-generic 0003:048D:C985.0002: hiddev97,hidraw1: USB HID v1.10 Device [ITE Tech. Inc. ITE Device(8295)] on usb-0000:00:14.0-1/input1
Apr 16 16:44:23 Arch kernel: NVRM: testIfDsmSubFunctionEnabled: GPS ACPI DSM called before _acpiDsmSupportedFuncCacheInit subfunction = 11.
Apr 16 16:44:23 Arch kernel: usb 1-4: New USB device found, idVendor=04d9, idProduct=a1cd, bcdDevice= 2.00
Apr 16 16:44:23 Arch kernel: usb 1-4: New USB device strings: Mfr=1, Product=2, SerialNumber=0
Apr 16 16:44:23 Arch kernel: usb 1-4: Product: Gaming keyboard
Apr 16 16:44:23 Arch kernel: usb 1-4: Manufacturer: HTLTEK
Apr 16 16:44:23 Arch kernel: input: HTLTEK Gaming keyboard as /devices/pci0000:00/0000:00:14.0/usb1/1-4/1-4:1.0/0003:04D9:A1CD.0003/input/input5
Apr 16 16:44:23 Arch kernel: hid-generic 0003:04D9:A1CD.0003: input,hidraw2: USB HID v1.10 Keyboard [HTLTEK Gaming keyboard] on usb-0000:00:14.0-4/input0
Apr 16 16:44:23 Arch kernel: input: HTLTEK Gaming keyboard as /devices/pci0000:00/0000:00:14.0/usb1/1-4/1-4:1.1/0003:04D9:A1CD.0004/input/input6
Apr 16 16:44:23 Arch kernel: input: HTLTEK Gaming keyboard Consumer Control as /devices/pci0000:00/0000:00:14.0/usb1/1-4/1-4:1.1/0003:04D9:A1CD.0004/input/input7
Apr 16 16:44:23 Arch kernel: hid-generic 0003:04D9:A1CD.0004: input,hiddev98,hidraw3: USB HID v1.10 Device [HTLTEK Gaming keyboard] on usb-0000:00:14.0-4/input1
Apr 16 16:44:23 Arch kernel: hid-generic 0003:04D9:A1CD.0005: hiddev99,hidraw4: USB HID v1.10 Device [HTLTEK Gaming keyboard] on usb-0000:00:14.0-4/input2
Apr 16 16:44:23 Arch kernel: usb 1-6: new full-speed USB device number 4 using xhci_hcd
Apr 16 16:44:23 Arch kernel: usb 1-6: New USB device found, idVendor=048d, idProduct=c103, bcdDevice= 5.00
Apr 16 16:44:23 Arch kernel: usb 1-6: New USB device strings: Mfr=1, Product=2, SerialNumber=0
Apr 16 16:44:23 Arch kernel: usb 1-6: Product: ITE Device(8910)
Apr 16 16:44:23 Arch kernel: usb 1-6: Manufacturer: ITE Tech. Inc.
Apr 16 16:44:23 Arch kernel: input: ITE Tech. Inc. ITE Device(8910) Keyboard as /devices/pci0000:00/0000:00:14.0/usb1/1-6/1-6:1.0/0003:048D:C103.0006/input/input8
Apr 16 16:44:23 Arch kernel: input: ITE Tech. Inc. ITE Device(8910) Wireless Radio Control as /devices/pci0000:00/0000:00:14.0/usb1/1-6/1-6:1.0/0003:048D:C103.0006/input/input9
Apr 16 16:44:23 Arch kernel: hid-generic 0003:048D:C103.0006: input,hiddev100,hidraw5: USB HID v1.10 Keyboard [ITE Tech. Inc. ITE Device(8910)] on usb-0000:00:14.0-6/input0
Apr 16 16:44:23 Arch kernel: usb 1-8: new full-speed USB device number 5 using xhci_hcd
Apr 16 16:44:23 Arch kernel: usb 1-8: New USB device found, idVendor=1532, idProduct=0067, bcdDevice= 2.00
Apr 16 16:44:23 Arch kernel: usb 1-8: New USB device strings: Mfr=1, Product=2, SerialNumber=3
Apr 16 16:44:23 Arch kernel: usb 1-8: Product: Razer Naga Trinity
Apr 16 16:44:23 Arch kernel: usb 1-8: Manufacturer: Razer
Apr 16 16:44:23 Arch kernel: usb 1-8: SerialNumber: 00000000001A
Apr 16 16:44:23 Arch kernel: input: Razer Razer Naga Trinity as /devices/pci0000:00/0000:00:14.0/usb1/1-8/1-8:1.0/0003:1532:0067.0007/input/input10
Apr 16 16:44:23 Arch kernel: hid-generic 0003:1532:0067.0007: input,hidraw6: USB HID v1.11 Mouse [Razer Razer Naga Trinity] on usb-0000:00:14.0-8/input0
Apr 16 16:44:23 Arch kernel: input: Razer Razer Naga Trinity Keyboard as /devices/pci0000:00/0000:00:14.0/usb1/1-8/1-8:1.1/0003:1532:0067.0008/input/input11
Apr 16 16:44:23 Arch kernel: input: Razer Razer Naga Trinity as /devices/pci0000:00/0000:00:14.0/usb1/1-8/1-8:1.1/0003:1532:0067.0008/input/input12
Apr 16 16:44:23 Arch kernel: hid-generic 0003:1532:0067.0008: input,hidraw7: USB HID v1.11 Keyboard [Razer Razer Naga Trinity] on usb-0000:00:14.0-8/input1
Apr 16 16:44:23 Arch kernel: input: Razer Razer Naga Trinity as /devices/pci0000:00/0000:00:14.0/usb1/1-8/1-8:1.2/0003:1532:0067.0009/input/input13
Apr 16 16:44:23 Arch kernel: hid-generic 0003:1532:0067.0009: input,hidraw8: USB HID v1.11 Keyboard [Razer Razer Naga Trinity] on usb-0000:00:14.0-8/input2
Apr 16 16:44:23 Arch kernel: usb 1-11: new high-speed USB device number 6 using xhci_hcd
Apr 16 16:44:23 Arch kernel: usb 1-11: New USB device found, idVendor=30c9, idProduct=00ac, bcdDevice= 0.05
Apr 16 16:44:23 Arch kernel: usb 1-11: New USB device strings: Mfr=1, Product=2, SerialNumber=3
Apr 16 16:44:23 Arch kernel: usb 1-11: Product: Integrated Camera
Apr 16 16:44:23 Arch kernel: usb 1-11: Manufacturer: 8SSC21K12273V1SR3130216
Apr 16 16:44:23 Arch kernel: usb 1-11: SerialNumber: 01.00.00
Apr 16 16:44:23 Arch kernel: usb 1-14: new full-speed USB device number 7 using xhci_hcd
Apr 16 16:44:23 Arch kernel: NVRM: testIfDsmSubFunctionEnabled: GPS ACPI DSM called before _acpiDsmSupportedFuncCacheInit subfunction = 11.
Apr 16 16:44:23 Arch kernel: usb 1-14: New USB device found, idVendor=8087, idProduct=0033, bcdDevice= 0.00
Apr 16 16:44:23 Arch kernel: usb 1-14: New USB device strings: Mfr=0, Product=0, SerialNumber=0
Apr 16 16:44:23 Arch kernel: nvidia-modeset: nvidia-modeset: ACPI reported no NVIDIA native backlight available; attempting to use ACPI backlight.
Apr 16 16:44:23 Arch kernel: acpi device:04: registered as cooling_device32
Apr 16 16:44:23 Arch kernel: [drm] Initialized nvidia-drm 0.0.0 for 0000:01:00.0 on minor 0
Apr 16 16:44:23 Arch kernel: Console: switching to colour dummy device 80x25
Apr 16 16:44:23 Arch kernel: nvidia 0000:01:00.0: vgaarb: deactivate vga console
Apr 16 16:44:23 Arch kernel: fbcon: nvidia-drmdrmfb (fb0) is primary device
Apr 16 16:44:23 Arch kernel: Console: switching to colour frame buffer device 160x45
Apr 16 16:44:23 Arch kernel: nvidia 0000:01:00.0: [drm] fb0: nvidia-drmdrmfb frame buffer device
Apr 16 16:44:23 Arch kernel: i8042: PNP: PS/2 Controller [PNP0303:PS2K] at 0x60,0x64 irq 1
Apr 16 16:44:23 Arch kernel: i8042: PNP: PS/2 appears to have AUX port disabled, if this is incorrect please boot with i8042.nopnp
Apr 16 16:44:23 Arch kernel: serio: i8042 KBD port at 0x60,0x64 irq 1
Apr 16 16:44:23 Arch kernel: input: AT Translated Set 2 keyboard as /devices/platform/i8042/serio0/input/input14
Apr 16 16:44:23 Arch kernel: nvme 0000:02:00.0: platform quirk: setting simple suspend
Apr 16 16:44:23 Arch kernel: nvme 0000:0e:00.0: platform quirk: setting simple suspend
Apr 16 16:44:23 Arch kernel: nvme nvme0: pci function 0000:02:00.0
Apr 16 16:44:23 Arch kernel: nvme nvme1: pci function 0000:0e:00.0
Apr 16 16:44:23 Arch kernel: nvme nvme1: missing or invalid SUBNQN field.
Apr 16 16:44:23 Arch kernel: nvme nvme1: 15/0/0 default/read/poll queues
Apr 16 16:44:23 Arch kernel: nvme nvme0: D3 entry latency set to 10 seconds
Apr 16 16:44:23 Arch kernel:  nvme1n1: p1 p2 p3
Apr 16 16:44:23 Arch kernel: nvme nvme0: 32/0/0 default/read/poll queues
Apr 16 16:44:23 Arch kernel:  nvme0n1: p1 p2 p3
Apr 16 16:44:23 Arch kernel: EXT4-fs (nvme0n1p3): mounted filesystem 1430b06b-87d9-4593-b06f-cf96928999dc r/w with ordered data mode. Quota mode: none.
Apr 16 16:44:23 Arch systemd[1]: systemd 257.5-1-arch running in system mode (+PAM +AUDIT -SELINUX -APPARMOR -IMA +IPE +SMACK +SECCOMP +GCRYPT +GNUTLS +OPENSSL +ACL +BLKID +CURL +ELFUTILS +FIDO2 +IDN2 -IDN +IPTC +KMOD +LIBCRYPTSETUP +LIBCRYPTSETUP_PLUGINS +LIBFDISK +PCRE2 +PWQUALITY +P11KIT +QRENCODE +TPM2 +BZIP2 +LZ4 +XZ +ZLIB +ZSTD +BPF_FRAMEWORK +BTF +XKBCOMMON +UTMP -SYSVINIT +LIBARCHIVE)
Apr 16 16:44:23 Arch systemd[1]: Detected architecture x86-64.
Apr 16 16:44:23 Arch systemd[1]: Hostname set to <Arch>.
Apr 16 16:44:23 Arch systemd[1]: bpf-restrict-fs: LSM BPF program attached
Apr 16 16:44:23 Arch systemd[1]: Queued start job for default target Graphical Interface.
Apr 16 16:44:23 Arch systemd[1]: Created slice Slice /system/dirmngr.
Apr 16 16:44:23 Arch systemd[1]: Created slice Slice /system/getty.
Apr 16 16:44:23 Arch systemd[1]: Created slice Slice /system/gpg-agent.
Apr 16 16:44:23 Arch systemd[1]: Created slice Slice /system/gpg-agent-browser.
Apr 16 16:44:23 Arch systemd[1]: Created slice Slice /system/gpg-agent-extra.
Apr 16 16:44:23 Arch systemd[1]: Created slice Slice /system/gpg-agent-ssh.
Apr 16 16:44:23 Arch systemd[1]: Created slice Slice /system/keyboxd.
Apr 16 16:44:23 Arch systemd[1]: Created slice Slice /system/modprobe.
Apr 16 16:44:23 Arch systemd[1]: Created slice Slice /system/systemd-fsck.
Apr 16 16:44:23 Arch systemd[1]: Created slice User and Session Slice.
Apr 16 16:44:23 Arch systemd[1]: Started Forward Password Requests to Wall Directory Watch.
Apr 16 16:44:23 Arch systemd[1]: Set up automount Arbitrary Executable File Formats File System Automount Point.
Apr 16 16:44:23 Arch systemd[1]: Expecting device /dev/disk/by-uuid/FE50-07BD...
Apr 16 16:44:23 Arch systemd[1]: Expecting device /dev/disk/by-uuid/b8f03d77-12ac-44f3-ad18-27c72cd4bdfc...
Apr 16 16:44:23 Arch systemd[1]: Reached target Login Prompts.
Apr 16 16:44:23 Arch systemd[1]: Reached target Local Integrity Protected Volumes.
Apr 16 16:44:23 Arch systemd[1]: Reached target Remote File Systems.
Apr 16 16:44:23 Arch systemd[1]: Reached target Slice Units.
Apr 16 16:44:23 Arch systemd[1]: Reached target Local Verity Protected Volumes.
Apr 16 16:44:23 Arch systemd[1]: Listening on Device-mapper event daemon FIFOs.
Apr 16 16:44:23 Arch systemd[1]: Listening on Process Core Dump Socket.
Apr 16 16:44:23 Arch systemd[1]: Listening on Credential Encryption/Decryption.
Apr 16 16:44:23 Arch systemd[1]: Listening on Journal Socket (/dev/log).
Apr 16 16:44:23 Arch systemd[1]: Listening on Journal Sockets.
Apr 16 16:44:23 Arch systemd[1]: TPM PCR Measurements was skipped because of an unmet condition check (ConditionSecurity=measured-uki).
Apr 16 16:44:23 Arch systemd[1]: Make TPM PCR Policy was skipped because of an unmet condition check (ConditionSecurity=measured-uki).
Apr 16 16:44:23 Arch systemd[1]: Listening on udev Control Socket.
Apr 16 16:44:23 Arch systemd[1]: Listening on udev Kernel Socket.
Apr 16 16:44:23 Arch systemd[1]: Listening on User Database Manager Socket.
Apr 16 16:44:23 Arch systemd[1]: Mounting Huge Pages File System...
Apr 16 16:44:23 Arch systemd[1]: Mounting POSIX Message Queue File System...
Apr 16 16:44:23 Arch systemd[1]: Mounting Kernel Debug File System...
Apr 16 16:44:23 Arch systemd[1]: Mounting Kernel Trace File System...
Apr 16 16:44:23 Arch systemd[1]: Starting Create List of Static Device Nodes...
Apr 16 16:44:23 Arch systemd[1]: Starting Load Kernel Module configfs...
Apr 16 16:44:23 Arch systemd[1]: Starting Load Kernel Module dm_mod...
Apr 16 16:44:23 Arch systemd[1]: Starting Load Kernel Module drm...
Apr 16 16:44:23 Arch systemd[1]: Starting Load Kernel Module fuse...
Apr 16 16:44:23 Arch systemd[1]: Starting Load Kernel Module loop...
Apr 16 16:44:23 Arch systemd[1]: File System Check on Root Device was skipped because of an unmet condition check (ConditionPathIsReadWrite=!/).
Apr 16 16:44:23 Arch systemd[1]: Clear Stale Hibernate Storage Info was skipped because of an unmet condition check (ConditionPathExists=/sys/firmware/efi/efivars/HibernateLocation-8cf2644b-4b0b-428f-9387-6d876050dc67).
Apr 16 16:44:23 Arch systemd[1]: Starting Journal Service...
Apr 16 16:44:23 Arch systemd[1]: Starting Load Kernel Modules...
Apr 16 16:44:23 Arch systemd[1]: TPM PCR Machine ID Measurement was skipped because of an unmet condition check (ConditionSecurity=measured-uki).
Apr 16 16:44:23 Arch systemd[1]: Starting Remount Root and Kernel File Systems...
Apr 16 16:44:23 Arch systemd[1]: Early TPM SRK Setup was skipped because of an unmet condition check (ConditionSecurity=measured-uki).
Apr 16 16:44:23 Arch systemd[1]: Starting Load udev Rules from Credentials...
Apr 16 16:44:23 Arch systemd[1]: Starting Coldplug All udev Devices...
Apr 16 16:44:23 Arch systemd[1]: Starting Virtual Console Setup...
Apr 16 16:44:23 Arch kernel: loop: module loaded
Apr 16 16:44:23 Arch systemd[1]: Mounted Huge Pages File System.
Apr 16 16:44:23 Arch systemd[1]: Mounted POSIX Message Queue File System.
Apr 16 16:44:23 Arch systemd[1]: Mounted Kernel Debug File System.
Apr 16 16:44:23 Arch systemd[1]: Mounted Kernel Trace File System.
Apr 16 16:44:23 Arch systemd[1]: Finished Create List of Static Device Nodes.
Apr 16 16:44:23 Arch systemd[1]: modprobe@configfs.service: Deactivated successfully.
Apr 16 16:44:23 Arch systemd[1]: Finished Load Kernel Module configfs.
Apr 16 16:44:23 Arch kernel: device-mapper: uevent: version 1.0.3
Apr 16 16:44:23 Arch kernel: device-mapper: ioctl: 4.49.0-ioctl (2025-01-17) initialised: dm-devel@lists.linux.dev
Apr 16 16:44:23 Arch systemd[1]: modprobe@drm.service: Deactivated successfully.
Apr 16 16:44:23 Arch systemd[1]: Finished Load Kernel Module drm.
Apr 16 16:44:23 Arch systemd[1]: modprobe@dm_mod.service: Deactivated successfully.
Apr 16 16:44:23 Arch systemd[1]: Finished Load Kernel Module dm_mod.
Apr 16 16:44:23 Arch systemd[1]: modprobe@fuse.service: Deactivated successfully.
Apr 16 16:44:23 Arch systemd[1]: Finished Load Kernel Module fuse.
Apr 16 16:44:23 Arch systemd[1]: modprobe@loop.service: Deactivated successfully.
Apr 16 16:44:23 Arch systemd[1]: Finished Load Kernel Module loop.
Apr 16 16:44:23 Arch systemd[1]: Finished Load udev Rules from Credentials.
Apr 16 16:44:23 Arch kernel: i2c_dev: i2c /dev entries driver
Apr 16 16:44:23 Arch systemd[1]: Mounting FUSE Control File System...
Apr 16 16:44:23 Arch systemd-journald[534]: Collecting audit messages is disabled.
Apr 16 16:44:23 Arch systemd[1]: Mounting Kernel Configuration File System...
Apr 16 16:44:23 Arch systemd[1]: Repartition Root Disk was skipped because no trigger condition checks were met.
Apr 16 16:44:23 Arch systemd[1]: Starting Create Static Device Nodes in /dev gracefully...
Apr 16 16:44:23 Arch systemd[1]: Finished Load Kernel Modules.
Apr 16 16:44:23 Arch systemd[1]: Starting Apply Kernel Variables...
Apr 16 16:44:23 Arch systemd[1]: Mounted FUSE Control File System.
Apr 16 16:44:23 Arch systemd[1]: Mounted Kernel Configuration File System.
Apr 16 16:44:23 Arch systemd[1]: Finished Virtual Console Setup.
Apr 16 16:44:23 Arch systemd[1]: Finished Apply Kernel Variables.
Apr 16 16:44:23 Arch systemd[1]: Starting CLI Netfilter Manager...
Apr 16 16:44:23 Arch systemd[1]: Starting User Database Manager...
Apr 16 16:44:23 Arch kernel: EXT4-fs (nvme0n1p3): re-mounted 1430b06b-87d9-4593-b06f-cf96928999dc r/w. Quota mode: none.
Apr 16 16:44:23 Arch systemd[1]: Finished Remount Root and Kernel File Systems.
Apr 16 16:44:23 Arch systemd[1]: Rebuild Hardware Database was skipped because of an unmet condition check (ConditionNeedsUpdate=/etc).
Apr 16 16:44:23 Arch systemd[1]: Starting Load/Save OS Random Seed...
Apr 16 16:44:23 Arch systemd[1]: TPM SRK Setup was skipped because of an unmet condition check (ConditionSecurity=measured-uki).
Apr 16 16:44:23 Arch systemd-journald[534]: Journal started
Apr 16 16:44:23 Arch systemd-journald[534]: Runtime Journal (/run/log/journal/2d87c1bd703d4f0ca27fe116a30c73fc) is 8M, max 1.5G, 1.5G free.
Apr 16 16:44:23 Arch systemd-modules-load[535]: Inserted module 'crypto_user'
Apr 16 16:44:23 Arch systemd-modules-load[535]: Inserted module 'i2c_dev'
Apr 16 16:44:23 Arch systemd[1]: Started Journal Service.
Apr 16 16:44:23 Arch systemd[1]: Starting Flush Journal to Persistent Storage...
Apr 16 16:44:23 Arch systemd[1]: Started User Database Manager.
Apr 16 16:44:23 Arch systemd-journald[534]: Time spent on flushing to /var/log/journal/2d87c1bd703d4f0ca27fe116a30c73fc is 27.182ms for 934 entries.
Apr 16 16:44:23 Arch systemd-journald[534]: System Journal (/var/log/journal/2d87c1bd703d4f0ca27fe116a30c73fc) is 2.1G, max 4G, 1.8G free.
Apr 16 16:44:23 Arch systemd-journald[534]: Received client request to flush runtime journal.
Apr 16 16:44:23 Arch systemd[1]: Finished Create Static Device Nodes in /dev gracefully.
Apr 16 16:44:23 Arch systemd[1]: Create System Users was skipped because no trigger condition checks were met.
Apr 16 16:44:23 Arch systemd[1]: Starting Create Static Device Nodes in /dev...
Apr 16 16:44:23 Arch systemd[1]: Finished Create Static Device Nodes in /dev.
Apr 16 16:44:23 Arch systemd[1]: Reached target Preparation for Local File Systems.
Apr 16 16:44:23 Arch systemd[1]: Starting Rule-based Manager for Device Events and Files...
Apr 16 16:44:23 Arch systemd[1]: Finished Load/Save OS Random Seed.
Apr 16 16:44:23 Arch systemd[1]: Finished Coldplug All udev Devices.
Apr 16 16:44:23 Arch systemd-udevd[595]: Using default interface naming scheme 'v257'.
Apr 16 16:44:23 Arch systemd[1]: Started Rule-based Manager for Device Events and Files.
Apr 16 16:44:23 Arch systemd[1]: Starting Show Plymouth Boot Screen...
Apr 16 16:44:23 Arch systemd[1]: Finished Flush Journal to Persistent Storage.
Apr 16 16:44:23 Arch systemd[1]: Condition check resulted in /dev/tpmrm0 being skipped.
Apr 16 16:44:23 Arch kernel: mei_me 0000:00:16.0: enabling device (0000 -> 0002)
Apr 16 16:44:23 Arch systemd[1]: Received SIGRTMIN+20 from PID 701 (plymouthd).
Apr 16 16:44:23 Arch systemd[1]: Finished CLI Netfilter Manager.
Apr 16 16:44:23 Arch systemd[1]: Received SIGRTMIN+20 from PID 701 (plymouthd).
Apr 16 16:44:23 Arch systemd[1]: Found device SAMSUNG MZVL21T0HCLR-00BL2 2.
Apr 16 16:44:23 Arch kernel: input: PC Speaker as /devices/platform/pcspkr/input/input15
Apr 16 16:44:23 Arch kernel: spi-nor spi0.0: supply vcc not found, using dummy regulator
Apr 16 16:44:23 Arch kernel: i801_smbus 0000:00:1f.4: enabling device (0000 -> 0003)
Apr 16 16:44:23 Arch kernel: i801_smbus 0000:00:1f.4: SPD Write Disable is set
Apr 16 16:44:23 Arch kernel: i801_smbus 0000:00:1f.4: SMBus using PCI interrupt
Apr 16 16:44:23 Arch kernel: Creating 1 MTD partitions on "0000:00:1f.5":
Apr 16 16:44:23 Arch kernel: 0x000000000000-0x000000800000 : "BIOS"
Apr 16 16:44:23 Arch kernel: spi-nor spi0.1: supply vcc not found, using dummy regulator
Apr 16 16:44:23 Arch kernel: i2c i2c-5: Successfully instantiated SPD at 0x50
Apr 16 16:44:23 Arch kernel: Creating 1 MTD partitions on "0000:00:1f.5-chip1":
Apr 16 16:44:23 Arch kernel: 0x000000000000-0x000001000000 : "BIOS1"
Apr 16 16:44:23 Arch kernel: intel-lpss 0000:00:15.0: enabling device (0000 -> 0002)
Apr 16 16:44:23 Arch kernel: idma64 idma64.0: Found Intel integrated DMA 64-bit
Apr 16 16:44:23 Arch kernel: ideapad_acpi VPC2004:00: Unknown keyboard type: 1
Apr 16 16:44:23 Arch kernel: input: Ideapad extra buttons as /devices/pci0000:00/0000:00:1f.0/PNP0C09:00/VPC2004:00/input/input16
Apr 16 16:44:23 Arch kernel: ideapad_acpi VPC2004:00: Keyboard backlight control not available
Apr 16 16:44:23 Arch kernel: cfg80211: Loading compiled-in X.509 certificates for regulatory database
Apr 16 16:44:23 Arch kernel: Loaded X.509 cert 'sforshee: 00b28ddf47aef9cea7'
Apr 16 16:44:23 Arch kernel: Loaded X.509 cert 'wens: 61c038651aabdcf94bd0ac7ff06c7248db18c600'
Apr 16 16:44:23 Arch kernel: platform regulatory.0: Direct firmware load for regulatory.db failed with error -2
Apr 16 16:44:23 Arch kernel: cfg80211: failed to load regulatory.db
Apr 16 16:44:23 Arch kernel: r8169 0000:08:00.0 eth0: RTL8168h/8111h, e8:80:88:83:19:f2, XID 541, IRQ 185
Apr 16 16:44:23 Arch kernel: r8169 0000:08:00.0 eth0: jumbo features [frames: 9194 bytes, tx checksumming: ko]
Apr 16 16:44:23 Arch kernel: RAPL PMU: API unit is 2^-32 Joules, 2 fixed counters, 655360 ms ovfl timer
Apr 16 16:44:23 Arch kernel: RAPL PMU: hw unit of domain pp0-core 2^-14 Joules
Apr 16 16:44:23 Arch kernel: RAPL PMU: hw unit of domain package 2^-14 Joules
Apr 16 16:44:23 Arch kernel: intel-lpss 0000:00:15.1: enabling device (0000 -> 0002)
Apr 16 16:44:23 Arch kernel: proc_thermal_pci 0000:00:04.0: enabling device (0000 -> 0002)
Apr 16 16:44:23 Arch kernel: cryptd: max_cpu_qlen set to 1000
Apr 16 16:44:23 Arch kernel: intel_rapl_common: Found RAPL domain package
Apr 16 16:44:23 Arch kernel: idma64 idma64.1: Found Intel integrated DMA 64-bit
Apr 16 16:44:23 Arch kernel: Intel(R) Wireless WiFi driver for Linux
Apr 16 16:44:23 Arch kernel: iwlwifi 0000:00:14.3: enabling device (0000 -> 0002)
Apr 16 16:44:23 Arch kernel: iwlwifi 0000:00:14.3: Detected crf-id 0x400410, cnv-id 0x80401 wfpm id 0x80000020
Apr 16 16:44:23 Arch kernel: iwlwifi 0000:00:14.3: PCI dev 7a70/0094, rev=0x430, rfid=0x2010d000
Apr 16 16:44:23 Arch kernel: iwlwifi 0000:00:14.3: Detected Intel(R) Wi-Fi 6E AX211 160MHz
Apr 16 16:44:23 Arch kernel: AES CTR mode by8 optimization enabled
Apr 16 16:44:23 Arch kernel: snd_hda_intel 0000:00:1f.3: enabling device (0000 -> 0002)
Apr 16 16:44:23 Arch kernel: snd_hda_intel 0000:01:00.1: enabling device (0000 -> 0002)
Apr 16 16:44:23 Arch kernel: snd_hda_intel 0000:01:00.1: Disabling MSI
Apr 16 16:44:23 Arch kernel: snd_hda_intel 0000:01:00.1: Handle vga_switcheroo audio client
Apr 16 16:44:23 Arch kernel: iwlwifi 0000:00:14.3: TLV_FW_FSEQ_VERSION: FSEQ Version: 0.0.2.42
Apr 16 16:44:23 Arch kernel: iwlwifi 0000:00:14.3: loaded firmware version 89.4d42c933.0 so-a0-gf-a0-89.ucode op_mode iwlmvm
Apr 16 16:44:23 Arch kernel: ideapad_acpi VPC2004:00: DYTC interface is not available
Apr 16 16:44:23 Arch kernel: pps_core: LinuxPPS API ver. 1 registered
Apr 16 16:44:23 Arch kernel: pps_core: Software ver. 5.3.6 - Copyright 2005-2007 Rodolfo Giometti <giometti@linux.it>
Apr 16 16:44:23 Arch kernel: PTP clock support registered
Apr 16 16:44:23 Arch mtp-probe[830]: checking bus 1, device 3: "/sys/devices/pci0000:00/0000:00:14.0/usb1/1-4"
Apr 16 16:44:23 Arch systemd[1]: Found device SAMSUNG MZVL21T0HCLR-00BL2 1.
Apr 16 16:44:23 Arch mtp-probe[830]: bus: 1, device: 3 was not an MTP device
Apr 16 16:44:23 Arch (udev-worker)[677]: usb2: Process 'lmt-udev force' failed with exit code 1.
Apr 16 16:44:23 Arch mtp-probe[829]: checking bus 1, device 2: "/sys/devices/pci0000:00/0000:00:14.0/usb1/1-1"
Apr 16 16:44:23 Arch (udev-worker)[692]: usb1: Process 'lmt-udev force' failed with exit code 1.
Apr 16 16:44:23 Arch mtp-probe[829]: bus: 1, device: 2 was not an MTP device
Apr 16 16:44:23 Arch systemd[1]: Started Show Plymouth Boot Screen.
Apr 16 16:44:23 Arch mtp-probe[842]: checking bus 1, device 5: "/sys/devices/pci0000:00/0000:00:14.0/usb1/1-8"
Apr 16 16:44:23 Arch (udev-worker)[680]: 1-0:1.0: Process 'lmt-udev force' failed with exit code 1.
Apr 16 16:44:23 Arch mtp-probe[843]: checking bus 1, device 4: "/sys/devices/pci0000:00/0000:00:14.0/usb1/1-6"
Apr 16 16:44:23 Arch (udev-worker)[704]: 1-6: Process 'lmt-udev force' failed with exit code 1.
Apr 16 16:44:23 Arch mtp-probe[842]: bus: 1, device: 5 was not an MTP device
Apr 16 16:44:23 Arch (udev-worker)[677]: 1-4: Process 'lmt-udev force' failed with exit code 1.
Apr 16 16:44:23 Arch mtp-probe[843]: bus: 1, device: 4 was not an MTP device
Apr 16 16:44:23 Arch (udev-worker)[735]: 1-11: Process 'lmt-udev force' failed with exit code 1.
Apr 16 16:44:23 Arch mtp-probe[846]: checking bus 1, device 6: "/sys/devices/pci0000:00/0000:00:14.0/usb1/1-11"
Apr 16 16:44:23 Arch (udev-worker)[654]: 1-8: Process 'lmt-udev force' failed with exit code 1.
Apr 16 16:44:23 Arch mtp-probe[846]: bus: 1, device: 6 was not an MTP device
Apr 16 16:44:23 Arch (udev-worker)[692]: 1-1: Process 'lmt-udev force' failed with exit code 1.
Apr 16 16:44:23 Arch (udev-worker)[663]: 1-14: Process 'lmt-udev force' failed with exit code 1.
Apr 16 16:44:23 Arch (udev-worker)[681]: 2-0:1.0: Process 'lmt-udev force' failed with exit code 1.
Apr 16 16:44:23 Arch kernel: mc: Linux media interface: v0.10
Apr 16 16:44:23 Arch kernel: intel-lpss 0000:00:15.2: enabling device (0000 -> 0002)
Apr 16 16:44:23 Arch kernel: idma64 idma64.2: Found Intel integrated DMA 64-bit
Apr 16 16:44:23 Arch kernel: videodev: Linux video capture interface: v2.00
Apr 16 16:44:23 Arch kernel: snd_hda_codec_realtek hdaudioC0D0: ALC287: picked fixup  for PCI SSID 17aa:0000
Apr 16 16:44:24 Arch kernel: snd_hda_codec_realtek hdaudioC0D0: autoconfig for ALC287: line_outs=1 (0x14/0x0/0x0/0x0/0x0) type:speaker
Apr 16 16:44:24 Arch kernel: snd_hda_codec_realtek hdaudioC0D0:    speaker_outs=0 (0x0/0x0/0x0/0x0/0x0)
Apr 16 16:44:24 Arch kernel: snd_hda_codec_realtek hdaudioC0D0:    hp_outs=1 (0x21/0x0/0x0/0x0/0x0)
Apr 16 16:44:24 Arch kernel: snd_hda_codec_realtek hdaudioC0D0:    mono: mono_out=0x0
Apr 16 16:44:24 Arch kernel: snd_hda_codec_realtek hdaudioC0D0:    inputs:
Apr 16 16:44:24 Arch kernel: snd_hda_codec_realtek hdaudioC0D0:      Internal Mic=0x12
Apr 16 16:44:24 Arch kernel: snd_hda_codec_realtek hdaudioC0D0:      Mic=0x19
Apr 16 16:44:24 Arch kernel: Bluetooth: Core ver 2.22
Apr 16 16:44:24 Arch kernel: NET: Registered PF_BLUETOOTH protocol family
Apr 16 16:44:24 Arch kernel: Bluetooth: HCI device and connection manager initialized
Apr 16 16:44:24 Arch kernel: Bluetooth: HCI socket layer initialized
Apr 16 16:44:24 Arch kernel: Bluetooth: L2CAP socket layer initialized
Apr 16 16:44:24 Arch kernel: Bluetooth: SCO socket layer initialized
Apr 16 16:44:24 Arch kernel: input: HDA NVidia HDMI/DP,pcm=3 as /devices/pci0000:00/0000:00:01.0/0000:01:00.1/sound/card1/input17
Apr 16 16:44:24 Arch kernel: input: HDA NVidia HDMI/DP,pcm=7 as /devices/pci0000:00/0000:00:01.0/0000:01:00.1/sound/card1/input18
Apr 16 16:44:24 Arch kernel: input: HDA NVidia HDMI/DP,pcm=8 as /devices/pci0000:00/0000:00:01.0/0000:01:00.1/sound/card1/input19
Apr 16 16:44:24 Arch kernel: input: HDA NVidia HDMI/DP,pcm=9 as /devices/pci0000:00/0000:00:01.0/0000:01:00.1/sound/card1/input20
Apr 16 16:44:24 Arch kernel: r8169 0000:08:00.0 enp8s0: renamed from eth0
Apr 16 16:44:24 Arch kernel: iTCO_vendor_support: vendor-support=0
Apr 16 16:44:24 Arch kernel: intel_rapl_msr: PL4 support detected.
Apr 16 16:44:24 Arch kernel: intel_rapl_common: Found RAPL domain package
Apr 16 16:44:24 Arch kernel: intel_rapl_common: Found RAPL domain core
Apr 16 16:44:24 Arch kernel: spd5118 5-0050: DDR5 temperature sensor: vendor 0x00:0xb3 revision 2.2
Apr 16 16:44:24 Arch kernel: spd5118 5-0052: DDR5 temperature sensor: vendor 0x00:0xb3 revision 2.2
Apr 16 16:44:24 Arch kernel: mousedev: PS/2 mouse device common for all mice
Apr 16 16:44:24 Arch kernel: iTCO_wdt iTCO_wdt: Found a Intel PCH TCO device (Version=6, TCOBASE=0x0400)
Apr 16 16:44:24 Arch kernel: iTCO_wdt iTCO_wdt: initialized. heartbeat=30 sec (nowayout=0)
Apr 16 16:44:24 Arch kernel: intel-lpss 0000:00:19.0: enabling device (0000 -> 0002)
Apr 16 16:44:24 Arch kernel: usbcore: registered new interface driver btusb
Apr 16 16:44:24 Arch kernel: idma64 idma64.3: Found Intel integrated DMA 64-bit
Apr 16 16:44:24 Arch kernel: Bluetooth: hci0: Device revision is 0
Apr 16 16:44:24 Arch kernel: Bluetooth: hci0: Secure boot is enabled
Apr 16 16:44:24 Arch kernel: Bluetooth: hci0: OTP lock is enabled
Apr 16 16:44:24 Arch kernel: Bluetooth: hci0: API lock is enabled
Apr 16 16:44:24 Arch kernel: Bluetooth: hci0: Debug lock is disabled
Apr 16 16:44:24 Arch kernel: Bluetooth: hci0: Minimum firmware build 1 week 10 2014
Apr 16 16:44:24 Arch kernel: Bluetooth: hci0: Bootloader timestamp 2019.40 buildtype 1 build 38
Apr 16 16:44:24 Arch kernel: Bluetooth: hci0: DSM reset method type: 0x00
Apr 16 16:44:24 Arch kernel: usb 1-11: Found UVC 1.50 device Integrated Camera (30c9:00ac)
Apr 16 16:44:24 Arch kernel: Bluetooth: hci0: Found device firmware: intel/ibt-1040-0041.sfi
Apr 16 16:44:24 Arch kernel: Bluetooth: hci0: Boot Address: 0x100800
Apr 16 16:44:24 Arch kernel: Bluetooth: hci0: Firmware Version: 200-48.24
Apr 16 16:44:24 Arch kernel: Adding 4194300k swap on /dev/nvme0n1p2.  Priority:-2 extents:1 across:4194300k SS
Apr 16 16:44:24 Arch kernel: intel_tcc_cooling: Programmable TCC Offset detected
Apr 16 16:44:24 Arch kernel: intel-lpss 0000:00:19.1: enabling device (0000 -> 0002)
Apr 16 16:44:24 Arch kernel: idma64 idma64.4: Found Intel integrated DMA 64-bit
Apr 16 16:44:24 Arch kernel: usbcore: registered new interface driver uvcvideo
Apr 16 16:44:24 Arch kernel: input: HDA Intel PCH Mic as /devices/pci0000:00/0000:00:1f.3/sound/card0/input21
Apr 16 16:44:24 Arch kernel: input: HDA Intel PCH Headphone as /devices/pci0000:00/0000:00:1f.3/sound/card0/input22
Apr 16 16:44:23 Arch (udev-worker)[670]: 1-11:1.2: Process 'lmt-udev force' failed with exit code 1.
Apr 16 16:44:23 Arch (udev-worker)[707]: 1-4:1.2: Process 'lmt-udev force' failed with exit code 1.
Apr 16 16:44:23 Arch (udev-worker)[654]: 1-8:1.1: Process 'lmt-udev force' failed with exit code 1.
Apr 16 16:44:23 Arch (udev-worker)[677]: 1-6:1.0: Process 'lmt-udev force' failed with exit code 1.
Apr 16 16:44:23 Arch (udev-worker)[692]: 1-1:1.0: Process 'lmt-udev force' failed with exit code 1.
Apr 16 16:44:23 Arch (udev-worker)[704]: 1-4:1.1: Process 'lmt-udev force' failed with exit code 1.
Apr 16 16:44:23 Arch (udev-worker)[680]: 1-4:1.0: Process 'lmt-udev force' failed with exit code 1.
Apr 16 16:44:24 Arch systemd-fsck[1309]: fsck.fat 4.2 (2021-01-31)
Apr 16 16:44:24 Arch systemd-fsck[1309]: /dev/nvme0n1p1: 379 files, 60470/261628 clusters
Apr 16 16:44:23 Arch (udev-worker)[713]: 1-11:1.1: Process 'lmt-udev force' failed with exit code 1.
Apr 16 16:44:23 Arch (udev-worker)[645]: 1-1:1.1: Process 'lmt-udev force' failed with exit code 1.
Apr 16 16:44:23 Arch (udev-worker)[731]: 1-8:1.0: Process 'lmt-udev force' failed with exit code 1.
Apr 16 16:44:23 Arch (udev-worker)[651]: 1-8:1.2: Process 'lmt-udev force' failed with exit code 1.
Apr 16 16:44:23 Arch systemd[1]: Created slice Slice /system/systemd-backlight.
Apr 16 16:44:23 Arch systemd[1]: Dispatch Password Requests to Console Directory Watch was skipped because of an unmet condition check (ConditionPathExists=!/run/plymouth/pid).
Apr 16 16:44:23 Arch systemd[1]: Started Forward Password Requests to Plymouth Directory Watch.
Apr 16 16:44:23 Arch systemd[1]: Reached target Local Encrypted Volumes.
Apr 16 16:44:23 Arch systemd[1]: Reached target Path Units.
Apr 16 16:44:23 Arch systemd[1]: Reached target Sound Card.
Apr 16 16:44:23 Arch systemd[1]: Reached target Trusted Platform Module.
Apr 16 16:44:23 Arch systemd[1]: Listening on Load/Save RF Kill Switch Status /dev/rfkill Watch.
Apr 16 16:44:23 Arch systemd[1]: Activating swap /dev/disk/by-uuid/b8f03d77-12ac-44f3-ad18-27c72cd4bdfc...
Apr 16 16:44:23 Arch systemd[1]: Starting Load Kernel Module dm_mod...
Apr 16 16:44:23 Arch systemd[1]: Starting Load Kernel Module loop...
Apr 16 16:44:23 Arch systemd[1]: Starting Load/Save Screen Backlight Brightness of backlight:acpi_video0...
Apr 16 16:44:23 Arch systemd[1]: File System Check on Root Device was skipped because of an unmet condition check (ConditionPathIsReadWrite=!/).
Apr 16 16:44:23 Arch systemd[1]: Starting File System Check on /dev/disk/by-uuid/FE50-07BD...
Apr 16 16:44:23 Arch systemd[1]: Clear Stale Hibernate Storage Info was skipped because of an unmet condition check (ConditionPathExists=/sys/firmware/efi/efivars/HibernateLocation-8cf2644b-4b0b-428f-9387-6d876050dc67).
Apr 16 16:44:23 Arch systemd[1]: Rebuild Hardware Database was skipped because of an unmet condition check (ConditionNeedsUpdate=/etc).
Apr 16 16:44:23 Arch systemd[1]: TPM PCR Machine ID Measurement was skipped because of an unmet condition check (ConditionSecurity=measured-uki).
Apr 16 16:44:23 Arch systemd[1]: Create System Users was skipped because no trigger condition checks were met.
Apr 16 16:44:23 Arch systemd[1]: Early TPM SRK Setup was skipped because of an unmet condition check (ConditionSecurity=measured-uki).
Apr 16 16:44:23 Arch systemd[1]: TPM SRK Setup was skipped because of an unmet condition check (ConditionSecurity=measured-uki).
Apr 16 16:44:23 Arch systemd[1]: systemd-vconsole-setup.service: Deactivated successfully.
Apr 16 16:44:23 Arch systemd[1]: Stopped Virtual Console Setup.
Apr 16 16:44:23 Arch systemd[1]: Stopping Virtual Console Setup...
Apr 16 16:44:23 Arch systemd[1]: Starting Virtual Console Setup...
Apr 16 16:44:23 Arch systemd[1]: modprobe@dm_mod.service: Deactivated successfully.
Apr 16 16:44:23 Arch systemd[1]: Finished Load Kernel Module dm_mod.
Apr 16 16:44:23 Arch systemd[1]: modprobe@loop.service: Deactivated successfully.
Apr 16 16:44:23 Arch systemd[1]: Finished Load Kernel Module loop.
Apr 16 16:44:23 Arch systemd[1]: Repartition Root Disk was skipped because no trigger condition checks were met.
Apr 16 16:44:23 Arch systemd[1]: Starting Load/Save RF Kill Switch Status...
Apr 16 16:44:23 Arch systemd[1]: Activated swap /dev/disk/by-uuid/b8f03d77-12ac-44f3-ad18-27c72cd4bdfc.
Apr 16 16:44:23 Arch systemd[1]: Finished Load/Save Screen Backlight Brightness of backlight:acpi_video0.
Apr 16 16:44:23 Arch systemd[1]: Reached target Swaps.
Apr 16 16:44:23 Arch systemd[1]: Finished Virtual Console Setup.
Apr 16 16:44:23 Arch systemd[1]: Finished File System Check on /dev/disk/by-uuid/FE50-07BD.
Apr 16 16:44:23 Arch (udev-worker)[657]: 1-14:1.1: Process 'lmt-udev force' failed with exit code 1.
Apr 16 16:44:23 Arch (udev-worker)[663]: 1-14:1.0: Process 'lmt-udev force' failed with exit code 1.
Apr 16 16:44:23 Arch systemd[1]: Started Load/Save RF Kill Switch Status.
Apr 16 16:44:23 Arch systemd[1]: Dispatch Password Requests to Console Directory Watch was skipped because of an unmet condition check (ConditionPathExists=!/run/plymouth/pid).
Apr 16 16:44:23 Arch systemd[1]: Starting Load Kernel Module dm_mod...
Apr 16 16:44:23 Arch systemd[1]: Starting Load Kernel Module loop...
